
[Test_JsonOutput/json_output - 1]
{
 "image": {
  "efficiencyScore": 1,
  "fileReference": [],
  "inefficientBytes": 0,
  "sizeBytes": 4277894
 },
 "layer": [
  {
   "command": "BusyBox 1.37.0 (glibc), Debian 12",
   "digestId": "sha256:068f50152bbc6e10c9d223150c9fbd30d11bcfd7789c432152aa0a99703bd03a",
   "fileList": [
    {
     "Gid": 0,
     "Linkname": "",
     "Mode": 493,
     "Path": "bin/[",
     "Size": 1029688,
     "TypeFlag": 48,
     "Uid": 0
    },
    {
     "Gid": 0,
     "Linkname": "bin/[",
     "Mode": 493,
     "Path": "bin/[[",
     "Size": 0,
     "TypeFlag": 49,
     "Uid": 0
    },
    {
     "Gid": 0,
     "Linkname": "bin/[",
     "Mode": 493,
     "Path": "bin/acpid",
     "Size": 0,
     "TypeFlag": 49,
     "Uid": 0
    },
    {
     "Gid": 0,
     "Linkname": "bin/[",
     "Mode": 493,
     "Path": "bin/add-shell",
     "Size": 0,
     "TypeFlag": 49,
     "Uid": 0
    },
    {
     "Gid": 0,
     "Linkname": "bin/[",
     "Mode": 493,
     "Path": "bin/addgroup",
     "Size": 0,
     "TypeFlag": 49,
     "Uid": 0
    },
    {
     "Gid": 0,
     "Linkname": "bin/[",
     "Mode": 493,
     "Path": "bin/adduser",
     "Size": 0,
     "TypeFlag": 49,
     "Uid": 0
    },
    {
     "Gid": 0,
     "Linkname": "bin/[",
     "Mode": 493,
     "Path": "bin/adjtimex",
     "Size": 0,
     "TypeFlag": 49,
     "Uid": 0
    },
    {
     "Gid": 0,
     "Linkname": "bin/[",
     "Mode": 493,
     "Path": "bin/ar",
     "Size": 0,
     "TypeFlag": 49,
     "Uid": 0
    },
    {
     "Gid": 0,
     "Linkname": "bin/[",
     "Mode": 493,
     "Path": "bin/arch",
     "Size": 0,
     "TypeFlag": 49,
     "Uid": 0
    },
    {
     "Gid": 0,
     "Linkname": "bin/[",
     "Mode": 493,
     "Path": "bin/arp",
     "Size": 0,
     "TypeFlag": 49,
     "Uid": 0
    },
    {
     "Gid": 0,
     "Linkname": "bin/[",
     "Mode": 493,
     "Path": "bin/arping",
     "Size": 0,
     "TypeFlag": 49,
     "Uid": 0
    },
    {
     "Gid": 0,
     "Linkname": "bin/[",
     "Mode": 493,
     "Path": "bin/ascii",
     "Size": 0,
     "TypeFlag": 49,
     "Uid": 0
    },
    {
     "Gid": 0,
     "Linkname": "bin/[",
     "Mode": 493,
     "Path": "bin/ash",
     "Size": 0,
     "TypeFlag": 49,
     "Uid": 0
    },
    {
     "Gid": 0,
     "Linkname": "bin/[",
     "Mode": 493,
     "Path": "bin/awk",
     "Size": 0,
     "TypeFlag": 49,
     "Uid": 0
    },
    {
     "Gid": 0,
     "Linkname": "bin/[",
     "Mode": 493,
     "Path": "bin/base32",
     "Size": 0,
     "TypeFlag": 49,
     "Uid": 0
    },
    {
     "Gid": 0,
     "Linkname": "bin/[",
     "Mode": 493,
     "Path": "bin/base64",
     "Size": 0,
     "TypeFlag": 49,
     "Uid": 0
    },
    {
     "Gid": 0,
     "Linkname": "bin/[",
     "Mode": 493,
     "Path": "bin/basename",
     "Size": 0,
     "TypeFlag": 49,
     "Uid": 0
    },
    {
     "Gid": 0,
     "Linkname": "bin/[",
     "Mode": 493,
     "Path": "bin/bc",
     "Size": 0,
     "TypeFlag": 49,
     "Uid": 0
    },
    {
     "Gid": 0,
     "Linkname": "bin/[",
     "Mode": 493,
     "Path": "bin/beep",
     "Size": 0,
     "TypeFlag": 49,
     "Uid": 0
    },
    {
     "Gid": 0,
     "Linkname": "bin/[",
     "Mode": 493,
     "Path": "bin/blkdiscard",
     "Size": 0,
     "TypeFlag": 49,
     "Uid": 0
    },
    {
     "Gid": 0,
     "Linkname": "bin/[",
     "Mode": 493,
     "Path": "bin/blkid",
     "Size": 0,
     "TypeFlag": 49,
     "Uid": 0
    },
    {
     "Gid": 0,
     "Linkname": "bin/[",
     "Mode": 493,
     "Path": "bin/blockdev",
     "Size": 0,
     "TypeFlag": 49,
     "Uid": 0
    },
    {
     "Gid": 0,
     "Linkname": "bin/[",
     "Mode": 493,
     "Path": "bin/bootchartd",
     "Size": 0,
     "TypeFlag": 49,
     "Uid": 0
    },
    {
     "Gid": 0,
     "Linkname": "bin/[",
     "Mode": 493,
     "Path": "bin/brctl",
     "Size": 0,
     "TypeFlag": 49,
     "Uid": 0
    },
    {
     "Gid": 0,
     "Linkname": "bin/[",
     "Mode": 493,
     "Path": "bin/bunzip2",
     "Size": 0,
     "TypeFlag": 49,
     "Uid": 0
    },
    {
     "Gid": 0,
     "Linkname": "bin/[",
     "Mode": 493,
     "Path": "bin/busybox",
     "Size": 0,
     "TypeFlag": 49,
     "Uid": 0
    },
    {
     "Gid": 0,
     "Linkname": "bin/[",
     "Mode": 493,
     "Path": "bin/bzcat",
     "Size": 0,
     "TypeFlag": 49,
     "Uid": 0
    },
    {
     "Gid": 0,
     "Linkname": "bin/[",
     "Mode": 493,
     "Path": "bin/bzip2",
     "Size": 0,
     "TypeFlag": 49,
     "Uid": 0
    },
    {
     "Gid": 0,
     "Linkname": "bin/[",
     "Mode": 493,
     "Path": "bin/cal",
     "Size": 0,
     "TypeFlag": 49,
     "Uid": 0
    },
    {
     "Gid": 0,
     "Linkname": "bin/[",
     "Mode": 493,
     "Path": "bin/cat",
     "Size": 0,
     "TypeFlag": 49,
     "Uid": 0
    },
    {
     "Gid": 0,
     "Linkname": "bin/[",
     "Mode": 493,
     "Path": "bin/chat",
     "Size": 0,
     "TypeFlag": 49,
     "Uid": 0
    },
    {
     "Gid": 0,
     "Linkname": "bin/[",
     "Mode": 493,
     "Path": "bin/chattr",
     "Size": 0,
     "TypeFlag": 49,
     "Uid": 0
    },
    {
     "Gid": 0,
     "Linkname": "bin/[",
     "Mode": 493,
     "Path": "bin/chgrp",
     "Size": 0,
     "TypeFlag": 49,
     "Uid": 0
    },
    {
     "Gid": 0,
     "Linkname": "bin/[",
     "Mode": 493,
     "Path": "bin/chmod",
     "Size": 0,
     "TypeFlag": 49,
     "Uid": 0
    },
    {
     "Gid": 0,
     "Linkname": "bin/[",
     "Mode": 493,
     "Path": "bin/chown",
     "Size": 0,
     "TypeFlag": 49,
     "Uid": 0
    },
    {
     "Gid": 0,
     "Linkname": "bin/[",
     "Mode": 493,
     "Path": "bin/chpasswd",
     "Size": 0,
     "TypeFlag": 49,
     "Uid": 0
    },
    {
     "Gid": 0,
     "Linkname": "bin/[",
     "Mode": 493,
     "Path": "bin/chpst",
     "Size": 0,
     "TypeFlag": 49,
     "Uid": 0
    },
    {
     "Gid": 0,
     "Linkname": "bin/[",
     "Mode": 493,
     "Path": "bin/chroot",
     "Size": 0,
     "TypeFlag": 49,
     "Uid": 0
    },
    {
     "Gid": 0,
     "Linkname": "bin/[",
     "Mode": 493,
     "Path": "bin/chrt",
     "Size": 0,
     "TypeFlag": 49,
     "Uid": 0
    },
    {
     "Gid": 0,
     "Linkname": "bin/[",
     "Mode": 493,
     "Path": "bin/chvt",
     "Size": 0,
     "TypeFlag": 49,
     "Uid": 0
    },
    {
     "Gid": 0,
     "Linkname": "bin/[",
     "Mode": 493,
     "Path": "bin/cksum",
     "Size": 0,
     "TypeFlag": 49,
     "Uid": 0
    },
    {
     "Gid": 0,
     "Linkname": "bin/[",
     "Mode": 493,
     "Path": "bin/clear",
     "Size": 0,
     "TypeFlag": 49,
     "Uid": 0
    },
    {
     "Gid": 0,
     "Linkname": "bin/[",
     "Mode": 493,
     "Path": "bin/cmp",
     "Size": 0,
     "TypeFlag": 49,
     "Uid": 0
    },
    {
     "Gid": 0,
     "Linkname": "bin/[",
     "Mode": 493,
     "Path": "bin/comm",
     "Size": 0,
     "TypeFlag": 49,
     "Uid": 0
    },
    {
     "Gid": 0,
     "Linkname": "bin/[",
     "Mode": 493,
     "Path": "bin/conspy",
     "Size": 0,
     "TypeFlag": 49,
     "Uid": 0
    },
    {
     "Gid": 0,
     "Linkname": "bin/[",
     "Mode": 493,
     "Path": "bin/cp",
     "Size": 0,
     "TypeFlag": 49,
     "Uid": 0
    },
    {
     "Gid": 0,
     "Linkname": "bin/[",
     "Mode": 493,
     "Path": "bin/cpio",
     "Size": 0,
     "TypeFlag": 49,
     "Uid": 0
    },
    {
     "Gid": 0,
     "Linkname": "bin/[",
     "Mode": 493,
     "Path": "bin/crc32",
     "Size": 0,
     "TypeFlag": 49,
     "Uid": 0
    },
    {
     "Gid": 0,
     "Linkname": "bin/[",
     "Mode": 493,
     "Path": "bin/crond",
     "Size": 0,
     "TypeFlag": 49,
     "Uid": 0
    },
    {
     "Gid": 0,
     "Linkname": "bin/[",
     "Mode": 493,
     "Path": "bin/crontab",
     "Size": 0,
     "TypeFlag": 49,
     "Uid": 0
    },
    {
     "Gid": 0,
     "Linkname": "bin/[",
     "Mode": 493,
     "Path": "bin/cryptpw",
     "Size": 0,
     "TypeFlag": 49,
     "Uid": 0
    },
    {
     "Gid": 0,
     "Linkname": "bin/[",
     "Mode": 493,
     "Path": "bin/cttyhack",
     "Size": 0,
     "TypeFlag": 49,
     "Uid": 0
    },
    {
     "Gid": 0,
     "Linkname": "bin/[",
     "Mode": 493,
     "Path": "bin/cut",
     "Size": 0,
     "TypeFlag": 49,
     "Uid": 0
    },
    {
     "Gid": 0,
     "Linkname": "bin/[",
     "Mode": 493,
     "Path": "bin/date",
     "Size": 0,
     "TypeFlag": 49,
     "Uid": 0
    },
    {
     "Gid": 0,
     "Linkname": "bin/[",
     "Mode": 493,
     "Path": "bin/dc",
     "Size": 0,
     "TypeFlag": 49,
     "Uid": 0
    },
    {
     "Gid": 0,
     "Linkname": "bin/[",
     "Mode": 493,
     "Path": "bin/dd",
     "Size": 0,
     "TypeFlag": 49,
     "Uid": 0
    },
    {
     "Gid": 0,
     "Linkname": "bin/[",
     "Mode": 493,
     "Path": "bin/deallocvt",
     "Size": 0,
     "TypeFlag": 49,
     "Uid": 0
    },
    {
     "Gid": 0,
     "Linkname": "bin/[",
     "Mode": 493,
     "Path": "bin/delgroup",
     "Size": 0,
     "TypeFlag": 49,
     "Uid": 0
    },
    {
     "Gid": 0,
     "Linkname": "bin/[",
     "Mode": 493,
     "Path": "bin/deluser",
     "Size": 0,
     "TypeFlag": 49,
     "Uid": 0
    },
    {
     "Gid": 0,
     "Linkname": "bin/[",
     "Mode": 493,
     "Path": "bin/depmod",
     "Size": 0,
     "TypeFlag": 49,
     "Uid": 0
    },
    {
     "Gid": 0,
     "Linkname": "bin/[",
     "Mode": 493,
     "Path": "bin/devmem",
     "Size": 0,
     "TypeFlag": 49,
     "Uid": 0
    },
    {
     "Gid": 0,
     "Linkname": "bin/[",
     "Mode": 493,
     "Path": "bin/df",
     "Size": 0,
     "TypeFlag": 49,
     "Uid": 0
    },
    {
     "Gid": 0,
     "Linkname": "bin/[",
     "Mode": 493,
     "Path": "bin/dhcprelay",
     "Size": 0,
     "TypeFlag": 49,
     "Uid": 0
    },
    {
     "Gid": 0,
     "Linkname": "bin/[",
     "Mode": 493,
     "Path": "bin/diff",
     "Size": 0,
     "TypeFlag": 49,
     "Uid": 0
    },
    {
     "Gid": 0,
     "Linkname": "bin/[",
     "Mode": 493,
     "Path": "bin/dirname",
     "Size": 0,
     "TypeFlag": 49,
     "Uid": 0
    },
    {
     "Gid": 0,
     "Linkname": "bin/[",
     "Mode": 493,
     "Path": "bin/dmesg",
     "Size": 0,
     "TypeFlag": 49,
     "Uid": 0
    },
    {
     "Gid": 0,
     "Linkname": "bin/[",
     "Mode": 493,
     "Path": "bin/dnsd",
     "Size": 0,
     "TypeFlag": 49,
     "Uid": 0
    },
    {
     "Gid": 0,
     "Linkname": "bin/[",
     "Mode": 493,
     "Path": "bin/dnsdomainname",
     "Size": 0,
     "TypeFlag": 49,
     "Uid": 0
    },
    {
     "Gid": 0,
     "Linkname": "bin/[",
     "Mode": 493,
     "Path": "bin/dos2unix",
     "Size": 0,
     "TypeFlag": 49,
     "Uid": 0
    },
    {
     "Gid": 0,
     "Linkname": "bin/[",
     "Mode": 493,
     "Path": "bin/dpkg",
     "Size": 0,
     "TypeFlag": 49,
     "Uid": 0
    },
    {
     "Gid": 0,
     "Linkname": "bin/[",
     "Mode": 493,
     "Path": "bin/dpkg-deb",
     "Size": 0,
     "TypeFlag": 49,
     "Uid": 0
    },
    {
     "Gid": 0,
     "Linkname": "bin/[",
     "Mode": 493,
     "Path": "bin/du",
     "Size": 0,
     "TypeFlag": 49,
     "Uid": 0
    },
    {
     "Gid": 0,
     "Linkname": "bin/[",
     "Mode": 493,
     "Path": "bin/dumpkmap",
     "Size": 0,
     "TypeFlag": 49,
     "Uid": 0
    },
    {
     "Gid": 0,
     "Linkname": "bin/[",
     "Mode": 493,
     "Path": "bin/dumpleases",
     "Size": 0,
     "TypeFlag": 49,
     "Uid": 0
    },
    {
     "Gid": 0,
     "Linkname": "bin/[",
     "Mode": 493,
     "Path": "bin/echo",
     "Size": 0,
     "TypeFlag": 49,
     "Uid": 0
    },
    {
     "Gid": 0,
     "Linkname": "bin/[",
     "Mode": 493,
     "Path": "bin/ed",
     "Size": 0,
     "TypeFlag": 49,
     "Uid": 0
    },
    {
     "Gid": 0,
     "Linkname": "bin/[",
     "Mode": 493,
     "Path": "bin/egrep",
     "Size": 0,
     "TypeFlag": 49,
     "Uid": 0
    },
    {
     "Gid": 0,
     "Linkname": "bin/[",
     "Mode": 493,
     "Path": "bin/eject",
     "Size": 0,
     "TypeFlag": 49,
     "Uid": 0
    },
    {
     "Gid": 0,
     "Linkname": "bin/[",
     "Mode": 493,
     "Path": "bin/env",
     "Size": 0,
     "TypeFlag": 49,
     "Uid": 0
    },
    {
     "Gid": 0,
     "Linkname": "bin/[",
     "Mode": 493,
     "Path": "bin/envdir",
     "Size": 0,
     "TypeFlag": 49,
     "Uid": 0
    },
    {
     "Gid": 0,
     "Linkname": "bin/[",
     "Mode": 493,
     "Path": "bin/envuidgid",
     "Size": 0,
     "TypeFlag": 49,
     "Uid": 0
    },
    {
     "Gid": 0,
     "Linkname": "bin/[",
     "Mode": 493,
     "Path": "bin/ether-wake",
     "Size": 0,
     "TypeFlag": 49,
     "Uid": 0
    },
    {
     "Gid": 0,
     "Linkname": "bin/[",
     "Mode": 493,
     "Path": "bin/expand",
     "Size": 0,
     "TypeFlag": 49,
     "Uid": 0
    },
    {
     "Gid": 0,
     "Linkname": "bin/[",
     "Mode": 493,
     "Path": "bin/expr",
     "Size": 0,
     "TypeFlag": 49,
     "Uid": 0
    },
    {
     "Gid": 0,
     "Linkname": "bin/[",
     "Mode": 493,
     "Path": "bin/factor",
     "Size": 0,
     "TypeFlag": 49,
     "Uid": 0
    },
    {
     "Gid": 0,
     "Linkname": "bin/[",
     "Mode": 493,
     "Path": "bin/fakeidentd",
     "Size": 0,
     "TypeFlag": 49,
     "Uid": 0
    },
    {
     "Gid": 0,
     "Linkname": "bin/[",
     "Mode": 493,
     "Path": "bin/fallocate",
     "Size": 0,
     "TypeFlag": 49,
     "Uid": 0
    },
    {
     "Gid": 0,
     "Linkname": "bin/[",
     "Mode": 493,
     "Path": "bin/false",
     "Size": 0,
     "TypeFlag": 49,
     "Uid": 0
    },
    {
     "Gid": 0,
     "Linkname": "bin/[",
     "Mode": 493,
     "Path": "bin/fatattr",
     "Size": 0,
     "TypeFlag": 49,
     "Uid": 0
    },
    {
     "Gid": 0,
     "Linkname": "bin/[",
     "Mode": 493,
     "Path": "bin/fbset",
     "Size": 0,
     "TypeFlag": 49,
     "Uid": 0
    },
    {
     "Gid": 0,
     "Linkname": "bin/[",
     "Mode": 493,
     "Path": "bin/fbsplash",
     "Size": 0,
     "TypeFlag": 49,
     "Uid": 0
    },
    {
     "Gid": 0,
     "Linkname": "bin/[",
     "Mode": 493,
     "Path": "bin/fdflush",
     "Size": 0,
     "TypeFlag": 49,
     "Uid": 0
    },
    {
     "Gid": 0,
     "Linkname": "bin/[",
     "Mode": 493,
     "Path": "bin/fdformat",
     "Size": 0,
     "TypeFlag": 49,
     "Uid": 0
    },
    {
     "Gid": 0,
     "Linkname": "bin/[",
     "Mode": 493,
     "Path": "bin/fdisk",
     "Size": 0,
     "TypeFlag": 49,
     "Uid": 0
    },
    {
     "Gid": 0,
     "Linkname": "bin/[",
     "Mode": 493,
     "Path": "bin/fgconsole",
     "Size": 0,
     "TypeFlag": 49,
     "Uid": 0
    },
    {
     "Gid": 0,
     "Linkname": "bin/[",
     "Mode": 493,
     "Path": "bin/fgrep",
     "Size": 0,
     "TypeFlag": 49,
     "Uid": 0
    },
    {
     "Gid": 0,
     "Linkname": "bin/[",
     "Mode": 493,
     "Path": "bin/find",
     "Size": 0,
     "TypeFlag": 49,
     "Uid": 0
    },
    {
     "Gid": 0,
     "Linkname": "bin/[",
     "Mode": 493,
     "Path": "bin/findfs",
     "Size": 0,
     "TypeFlag": 49,
     "Uid": 0
    },
    {
     "Gid": 0,
     "Linkname": "bin/[",
     "Mode": 493,
     "Path": "bin/flock",
     "Size": 0,
     "TypeFlag": 49,
     "Uid": 0
    },
    {
     "Gid": 0,
     "Linkname": "bin/[",
     "Mode": 493,
     "Path": "bin/fold",
     "Size": 0,
     "TypeFlag": 49,
     "Uid": 0
    },
    {
     "Gid": 0,
     "Linkname": "bin/[",
     "Mode": 493,
     "Path": "bin/free",
     "Size": 0,
     "TypeFlag": 49,
     "Uid": 0
    },
    {
     "Gid": 0,
     "Linkname": "bin/[",
     "Mode": 493,
     "Path": "bin/freeramdisk",
     "Size": 0,
     "TypeFlag": 49,
     "Uid": 0
    },
    {
     "Gid": 0,
     "Linkname": "bin/[",
     "Mode": 493,
     "Path": "bin/fsck",
     "Size": 0,
     "TypeFlag": 49,
     "Uid": 0
    },
    {
     "Gid": 0,
     "Linkname": "bin/[",
     "Mode": 493,
     "Path": "bin/fsck.minix",
     "Size": 0,
     "TypeFlag": 49,
     "Uid": 0
    },
    {
     "Gid": 0,
     "Linkname": "bin/[",
     "Mode": 493,
     "Path": "bin/fsfreeze",
     "Size": 0,
     "TypeFlag": 49,
     "Uid": 0
    },
    {
     "Gid": 0,
     "Linkname": "bin/[",
     "Mode": 493,
     "Path": "bin/fstrim",
     "Size": 0,
     "TypeFlag": 49,
     "Uid": 0
    },
    {
     "Gid": 0,
     "Linkname": "bin/[",
     "Mode": 493,
     "Path": "bin/fsync",
     "Size": 0,
     "TypeFlag": 49,
     "Uid": 0
    },
    {
     "Gid": 0,
     "Linkname": "bin/[",
     "Mode": 493,
     "Path": "bin/ftpd",
     "Size": 0,
     "TypeFlag": 49,
     "Uid": 0
    },
    {
     "Gid": 0,
     "Linkname": "bin/[",
     "Mode": 493,
     "Path": "bin/ftpget",
     "Size": 0,
     "TypeFlag": 49,
     "Uid": 0
    },
    {
     "Gid": 0,
     "Linkname": "bin/[",
     "Mode": 493,
     "Path": "bin/ftpput",
     "Size": 0,
     "TypeFlag": 49,
     "Uid": 0
    },
    {
     "Gid": 0,
     "Linkname": "bin/[",
     "Mode": 493,
     "Path": "bin/fuser",
     "Size": 0,
     "TypeFlag": 49,
     "Uid": 0
    },
    {
     "Gid": 0,
     "Linkname": "",
     "Mode": 493,
     "Path": "bin/getconf",
     "Size": 27136,
     "TypeFlag": 48,
     "Uid": 0
    },
    {
     "Gid": 0,
     "Linkname": "bin/[",
     "Mode": 493,
     "Path": "bin/getfattr",
     "Size": 0,
     "TypeFlag": 49,
     "Uid": 0
    },
    {
     "Gid": 0,
     "Linkname": "bin/[",
     "Mode": 493,
     "Path": "bin/getopt",
     "Size": 0,
     "TypeFlag": 49,
     "Uid": 0
    },
    {
     "Gid": 0,
     "Linkname": "bin/[",
     "Mode": 493,
     "Path": "bin/getty",
     "Size": 0,
     "TypeFlag": 49,
     "Uid": 0
    },
    {
     "Gid": 0,
     "Linkname": "bin/[",
     "Mode": 493,
     "Path": "bin/grep",
     "Size": 0,
     "TypeFlag": 49,
     "Uid": 0
    },
    {
     "Gid": 0,
     "Linkname": "bin/[",
     "Mode": 493,
     "Path": "bin/groups",
     "Size": 0,
     "TypeFlag": 49,
     "Uid": 0
    },
    {
     "Gid": 0,
     "Linkname": "bin/[",
     "Mode": 493,
     "Path": "bin/gunzip",
     "Size": 0,
     "TypeFlag": 49,
     "Uid": 0
    },
    {
     "Gid": 0,
     "Linkname": "bin/[",
     "Mode": 493,
     "Path": "bin/gzip",
     "Size": 0,
     "TypeFlag": 49,
     "Uid": 0
    },
    {
     "Gid": 0,
     "Linkname": "bin/[",
     "Mode": 493,
     "Path": "bin/halt",
     "Size": 0,
     "TypeFlag": 49,
     "Uid": 0
    },
    {
     "Gid": 0,
     "Linkname": "bin/[",
     "Mode": 493,
     "Path": "bin/hd",
     "Size": 0,
     "TypeFlag": 49,
     "Uid": 0
    },
    {
     "Gid": 0,
     "Linkname": "bin/[",
     "Mode": 493,
     "Path": "bin/hdparm",
     "Size": 0,
     "TypeFlag": 49,
     "Uid": 0
    },
    {
     "Gid": 0,
     "Linkname": "bin/[",
     "Mode": 493,
     "Path": "bin/head",
     "Size": 0,
     "TypeFlag": 49,
     "Uid": 0
    },
    {
     "Gid": 0,
     "Linkname": "bin/[",
     "Mode": 493,
     "Path": "bin/hexdump",
     "Size": 0,
     "TypeFlag": 49,
     "Uid": 0
    },
    {
     "Gid": 0,
     "Linkname": "bin/[",
     "Mode": 493,
     "Path": "bin/hexedit",
     "Size": 0,
     "TypeFlag": 49,
     "Uid": 0
    },
    {
     "Gid": 0,
     "Linkname": "bin/[",
     "Mode": 493,
     "Path": "bin/hostid",
     "Size": 0,
     "TypeFlag": 49,
     "Uid": 0
    },
    {
     "Gid": 0,
     "Linkname": "bin/[",
     "Mode": 493,
     "Path": "bin/hostname",
     "Size": 0,
     "TypeFlag": 49,
     "Uid": 0
    },
    {
     "Gid": 0,
     "Linkname": "bin/[",
     "Mode": 493,
     "Path": "bin/httpd",
     "Size": 0,
     "TypeFlag": 49,
     "Uid": 0
    },
    {
     "Gid": 0,
     "Linkname": "bin/[",
     "Mode": 493,
     "Path": "bin/hush",
     "Size": 0,
     "TypeFlag": 49,
     "Uid": 0
    },
    {
     "Gid": 0,
     "Linkname": "bin/[",
     "Mode": 493,
     "Path": "bin/hwclock",
     "Size": 0,
     "TypeFlag": 49,
     "Uid": 0
    },
    {
     "Gid": 0,
     "Linkname": "bin/[",
     "Mode": 493,
     "Path": "bin/i2cdetect",
     "Size": 0,
     "TypeFlag": 49,
     "Uid": 0
    },
    {
     "Gid": 0,
     "Linkname": "bin/[",
     "Mode": 493,
     "Path": "bin/i2cdump",
     "Size": 0,
     "TypeFlag": 49,
     "Uid": 0
    },
    {
     "Gid": 0,
     "Linkname": "bin/[",
     "Mode": 493,
     "Path": "bin/i2cget",
     "Size": 0,
     "TypeFlag": 49,
     "Uid": 0
    },
    {
     "Gid": 0,
     "Linkname": "bin/[",
     "Mode": 493,
     "Path": "bin/i2cset",
     "Size": 0,
     "TypeFlag": 49,
     "Uid": 0
    },
    {
     "Gid": 0,
     "Linkname": "bin/[",
     "Mode": 493,
     "Path": "bin/i2ctransfer",
     "Size": 0,
     "TypeFlag": 49,
     "Uid": 0
    },
    {
     "Gid": 0,
     "Linkname": "bin/[",
     "Mode": 493,
     "Path": "bin/id",
     "Size": 0,
     "TypeFlag": 49,
     "Uid": 0
    },
    {
     "Gid": 0,
     "Linkname": "bin/[",
     "Mode": 493,
     "Path": "bin/ifconfig",
     "Size": 0,
     "TypeFlag": 49,
     "Uid": 0
    },
    {
     "Gid": 0,
     "Linkname": "bin/[",
     "Mode": 493,
     "Path": "bin/ifdown",
     "Size": 0,
     "TypeFlag": 49,
     "Uid": 0
    },
    {
     "Gid": 0,
     "Linkname": "bin/[",
     "Mode": 493,
     "Path": "bin/ifenslave",
     "Size": 0,
     "TypeFlag": 49,
     "Uid": 0
    },
    {
     "Gid": 0,
     "Linkname": "bin/[",
     "Mode": 493,
     "Path": "bin/ifplugd",
     "Size": 0,
     "TypeFlag": 49,
     "Uid": 0
    },
    {
     "Gid": 0,
     "Linkname": "bin/[",
     "Mode": 493,
     "Path": "bin/ifup",
     "Size": 0,
     "TypeFlag": 49,
     "Uid": 0
    },
    {
     "Gid": 0,
     "Linkname": "bin/[",
     "Mode": 493,
     "Path": "bin/inetd",
     "Size": 0,
     "TypeFlag": 49,
     "Uid": 0
    },
    {
     "Gid": 0,
     "Linkname": "bin/[",
     "Mode": 493,
     "Path": "bin/init",
     "Size": 0,
     "TypeFlag": 49,
     "Uid": 0
    },
    {
     "Gid": 0,
     "Linkname": "bin/[",
     "Mode": 493,
     "Path": "bin/insmod",
     "Size": 0,
     "TypeFlag": 49,
     "Uid": 0
    },
    {
     "Gid": 0,
     "Linkname": "bin/[",
     "Mode": 493,
     "Path": "bin/install",
     "Size": 0,
     "TypeFlag": 49,
     "Uid": 0
    },
    {
     "Gid": 0,
     "Linkname": "bin/[",
     "Mode": 493,
     "Path": "bin/ionice",
     "Size": 0,
     "TypeFlag": 49,
     "Uid": 0
    },
    {
     "Gid": 0,
     "Linkname": "bin/[",
     "Mode": 493,
     "Path": "bin/iostat",
     "Size": 0,
     "TypeFlag": 49,
     "Uid": 0
    },
    {
     "Gid": 0,
     "Linkname": "bin/[",
     "Mode": 493,
     "Path": "bin/ip",
     "Size": 0,
     "TypeFlag": 49,
     "Uid": 0
    },
    {
     "Gid": 0,
     "Linkname": "bin/[",
     "Mode": 493,
     "Path": "bin/ipaddr",
     "Size": 0,
     "TypeFlag": 49,
     "Uid": 0
    },
    {
     "Gid": 0,
     "Linkname": "bin/[",
     "Mode": 493,
     "Path": "bin/ipcalc",
     "Size": 0,
     "TypeFlag": 49,
     "Uid": 0
    },
    {
     "Gid": 0,
     "Linkname": "bin/[",
     "Mode": 493,
     "Path": "bin/ipcrm",
     "Size": 0,
     "TypeFlag": 49,
     "Uid": 0
    },
    {
     "Gid": 0,
     "Linkname": "bin/[",
     "Mode": 493,
     "Path": "bin/ipcs",
     "Size": 0,
     "TypeFlag": 49,
     "Uid": 0
    },
    {
     "Gid": 0,
     "Linkname": "bin/[",
     "Mode": 493,
     "Path": "bin/iplink",
     "Size": 0,
     "TypeFlag": 49,
     "Uid": 0
    },
    {
     "Gid": 0,
     "Linkname": "bin/[",
     "Mode": 493,
     "Path": "bin/ipneigh",
     "Size": 0,
     "TypeFlag": 49,
     "Uid": 0
    },
    {
     "Gid": 0,
     "Linkname": "bin/[",
     "Mode": 493,
     "Path": "bin/iproute",
     "Size": 0,
     "TypeFlag": 49,
     "Uid": 0
    },
    {
     "Gid": 0,
     "Linkname": "bin/[",
     "Mode": 493,
     "Path": "bin/iprule",
     "Size": 0,
     "TypeFlag": 49,
     "Uid": 0
    },
    {
     "Gid": 0,
     "Linkname": "bin/[",
     "Mode": 493,
     "Path": "bin/iptunnel",
     "Size": 0,
     "TypeFlag": 49,
     "Uid": 0
    },
    {
     "Gid": 0,
     "Linkname": "bin/[",
     "Mode": 493,
     "Path": "bin/kbd_mode",
     "Size": 0,
     "TypeFlag": 49,
     "Uid": 0
    },
    {
     "Gid": 0,
     "Linkname": "bin/[",
     "Mode": 493,
     "Path": "bin/kill",
     "Size": 0,
     "TypeFlag": 49,
     "Uid": 0
    },
    {
     "Gid": 0,
     "Linkname": "bin/[",
     "Mode": 493,
     "Path": "bin/killall",
     "Size": 0,
     "TypeFlag": 49,
     "Uid": 0
    },
    {
     "Gid": 0,
     "Linkname": "bin/[",
     "Mode": 493,
     "Path": "bin/killall5",
     "Size": 0,
     "TypeFlag": 49,
     "Uid": 0
    },
    {
     "Gid": 0,
     "Linkname": "bin/[",
     "Mode": 493,
     "Path": "bin/klogd",
     "Size": 0,
     "TypeFlag": 49,
     "Uid": 0
    },
    {
     "Gid": 0,
     "Linkname": "bin/[",
     "Mode": 493,
     "Path": "bin/last",
     "Size": 0,
     "TypeFlag": 49,
     "Uid": 0
    },
    {
     "Gid": 0,
     "Linkname": "bin/[",
     "Mode": 493,
     "Path": "bin/less",
     "Size": 0,
     "TypeFlag": 49,
     "Uid": 0
    },
    {
     "Gid": 0,
     "Linkname": "bin/[",
     "Mode": 493,
     "Path": "bin/link",
     "Size": 0,
     "TypeFlag": 49,
     "Uid": 0
    },
    {
     "Gid": 0,
     "Linkname": "bin/[",
     "Mode": 493,
     "Path": "bin/linux32",
     "Size": 0,
     "TypeFlag": 49,
     "Uid": 0
    },
    {
     "Gid": 0,
     "Linkname": "bin/[",
     "Mode": 493,
     "Path": "bin/linux64",
     "Size": 0,
     "TypeFlag": 49,
     "Uid": 0
    },
    {
     "Gid": 0,
     "Linkname": "bin/[",
     "Mode": 493,
     "Path": "bin/linuxrc",
     "Size": 0,
     "TypeFlag": 49,
     "Uid": 0
    },
    {
     "Gid": 0,
     "Linkname": "bin/[",
     "Mode": 493,
     "Path": "bin/ln",
     "Size": 0,
     "TypeFlag": 49,
     "Uid": 0
    },
    {
     "Gid": 0,
     "Linkname": "bin/[",
     "Mode": 493,
     "Path": "bin/loadfont",
     "Size": 0,
     "TypeFlag": 49,
     "Uid": 0
    },
    {
     "Gid": 0,
     "Linkname": "bin/[",
     "Mode": 493,
     "Path": "bin/loadkmap",
     "Size": 0,
     "TypeFlag": 49,
     "Uid": 0
    },
    {
     "Gid": 0,
     "Linkname": "bin/[",
     "Mode": 493,
     "Path": "bin/logger",
     "Size": 0,
     "TypeFlag": 49,
     "Uid": 0
    },
    {
     "Gid": 0,
     "Linkname": "bin/[",
     "Mode": 493,
     "Path": "bin/login",
     "Size": 0,
     "TypeFlag": 49,
     "Uid": 0
    },
    {
     "Gid": 0,
     "Linkname": "bin/[",
     "Mode": 493,
     "Path": "bin/logname",
     "Size": 0,
     "TypeFlag": 49,
     "Uid": 0
    },
    {
     "Gid": 0,
     "Linkname": "bin/[",
     "Mode": 493,
     "Path": "bin/logread",
     "Size": 0,
     "TypeFlag": 49,
     "Uid": 0
    },
    {
     "Gid": 0,
     "Linkname": "bin/[",
     "Mode": 493,
     "Path": "bin/losetup",
     "Size": 0,
     "TypeFlag": 49,
     "Uid": 0
    },
    {
     "Gid": 0,
     "Linkname": "bin/[",
     "Mode": 493,
     "Path": "bin/lpd",
     "Size": 0,
     "TypeFlag": 49,
     "Uid": 0
    },
    {
     "Gid": 0,
     "Linkname": "bin/[",
     "Mode": 493,
     "Path": "bin/lpq",
     "Size": 0,
     "TypeFlag": 49,
     "Uid": 0
    },
    {
     "Gid": 0,
     "Linkname": "bin/[",
     "Mode": 493,
     "Path": "bin/lpr",
     "Size": 0,
     "TypeFlag": 49,
     "Uid": 0
    },
    {
     "Gid": 0,
     "Linkname": "bin/[",
     "Mode": 493,
     "Path": "bin/ls",
     "Size": 0,
     "TypeFlag": 49,
     "Uid": 0
    },
    {
     "Gid": 0,
     "Linkname": "bin/[",
     "Mode": 493,
     "Path": "bin/lsattr",
     "Size": 0,
     "TypeFlag": 49,
     "Uid": 0
    },
    {
     "Gid": 0,
     "Linkname": "bin/[",
     "Mode": 493,
     "Path": "bin/lsmod",
     "Size": 0,
     "TypeFlag": 49,
     "Uid": 0
    },
    {
     "Gid": 0,
     "Linkname": "bin/[",
     "Mode": 493,
     "Path": "bin/lsof",
     "Size": 0,
     "TypeFlag": 49,
     "Uid": 0
    },
    {
     "Gid": 0,
     "Linkname": "bin/[",
     "Mode": 493,
     "Path": "bin/lspci",
     "Size": 0,
     "TypeFlag": 49,
     "Uid": 0
    },
    {
     "Gid": 0,
     "Linkname": "bin/[",
     "Mode": 493,
     "Path": "bin/lsscsi",
     "Size": 0,
     "TypeFlag": 49,
     "Uid": 0
    },
    {
     "Gid": 0,
     "Linkname": "bin/[",
     "Mode": 493,
     "Path": "bin/lsusb",
     "Size": 0,
     "TypeFlag": 49,
     "Uid": 0
    },
    {
     "Gid": 0,
     "Linkname": "bin/[",
     "Mode": 493,
     "Path": "bin/lzcat",
     "Size": 0,
     "TypeFlag": 49,
     "Uid": 0
    },
    {
     "Gid": 0,
     "Linkname": "bin/[",
     "Mode": 493,
     "Path": "bin/lzma",
     "Size": 0,
     "TypeFlag": 49,
     "Uid": 0
    },
    {
     "Gid": 0,
     "Linkname": "bin/[",
     "Mode": 493,
     "Path": "bin/lzop",
     "Size": 0,
     "TypeFlag": 49,
     "Uid": 0
    },
    {
     "Gid": 0,
     "Linkname": "bin/[",
     "Mode": 493,
     "Path": "bin/makedevs",
     "Size": 0,
     "TypeFlag": 49,
     "Uid": 0
    },
    {
     "Gid": 0,
     "Linkname": "bin/[",
     "Mode": 493,
     "Path": "bin/makemime",
     "Size": 0,
     "TypeFlag": 49,
     "Uid": 0
    },
    {
     "Gid": 0,
     "Linkname": "bin/[",
     "Mode": 493,
     "Path": "bin/man",
     "Size": 0,
     "TypeFlag": 49,
     "Uid": 0
    },
    {
     "Gid": 0,
     "Linkname": "bin/[",
     "Mode": 493,
     "Path": "bin/md5sum",
     "Size": 0,
     "TypeFlag": 49,
     "Uid": 0
    },
    {
     "Gid": 0,
     "Linkname": "bin/[",
     "Mode": 493,
     "Path": "bin/mdev",
     "Size": 0,
     "TypeFlag": 49,
     "Uid": 0
    },
    {
     "Gid": 0,
     "Linkname": "bin/[",
     "Mode": 493,
     "Path": "bin/mesg",
     "Size": 0,
     "TypeFlag": 49,
     "Uid": 0
    },
    {
     "Gid": 0,
     "Linkname": "bin/[",
     "Mode": 493,
     "Path": "bin/microcom",
     "Size": 0,
     "TypeFlag": 49,
     "Uid": 0
    },
    {
     "Gid": 0,
     "Linkname": "bin/[",
     "Mode": 493,
     "Path": "bin/mim",
     "Size": 0,
     "TypeFlag": 49,
     "Uid": 0
    },
    {
     "Gid": 0,
     "Linkname": "bin/[",
     "Mode": 493,
     "Path": "bin/mkdir",
     "Size": 0,
     "TypeFlag": 49,
     "Uid": 0
    },
    {
     "Gid": 0,
     "Linkname": "bin/[",
     "Mode": 493,
     "Path": "bin/mkdosfs",
     "Size": 0,
     "TypeFlag": 49,
     "Uid": 0
    },
    {
     "Gid": 0,
     "Linkname": "bin/[",
     "Mode": 493,
     "Path": "bin/mke2fs",
     "Size": 0,
     "TypeFlag": 49,
     "Uid": 0
    },
    {
     "Gid": 0,
     "Linkname": "bin/[",
     "Mode": 493,
     "Path": "bin/mkfifo",
     "Size": 0,
     "TypeFlag": 49,
     "Uid": 0
    },
    {
     "Gid": 0,
     "Linkname": "bin/[",
     "Mode": 493,
     "Path": "bin/mkfs.ext2",
     "Size": 0,
     "TypeFlag": 49,
     "Uid": 0
    },
    {
     "Gid": 0,
     "Linkname": "bin/[",
     "Mode": 493,
     "Path": "bin/mkfs.minix",
     "Size": 0,
     "TypeFlag": 49,
     "Uid": 0
    },
    {
     "Gid": 0,
     "Linkname": "bin/[",
     "Mode": 493,
     "Path": "bin/mkfs.vfat",
     "Size": 0,
     "TypeFlag": 49,
     "Uid": 0
    },
    {
     "Gid": 0,
     "Linkname": "bin/[",
     "Mode": 493,
     "Path": "bin/mknod",
     "Size": 0,
     "TypeFlag": 49,
     "Uid": 0
    },
    {
     "Gid": 0,
     "Linkname": "bin/[",
     "Mode": 493,
     "Path": "bin/mkpasswd",
     "Size": 0,
     "TypeFlag": 49,
     "Uid": 0
    },
    {
     "Gid": 0,
     "Linkname": "bin/[",
     "Mode": 493,
     "Path": "bin/mkswap",
     "Size": 0,
     "TypeFlag": 49,
     "Uid": 0
    },
    {
     "Gid": 0,
     "Linkname": "bin/[",
     "Mode": 493,
     "Path": "bin/mktemp",
     "Size": 0,
     "TypeFlag": 49,
     "Uid": 0
    },
    {
     "Gid": 0,
     "Linkname": "bin/[",
     "Mode": 493,
     "Path": "bin/modinfo",
     "Size": 0,
     "TypeFlag": 49,
     "Uid": 0
    },
    {
     "Gid": 0,
     "Linkname": "bin/[",
     "Mode": 493,
     "Path": "bin/modprobe",
     "Size": 0,
     "TypeFlag": 49,
     "Uid": 0
    },
    {
     "Gid": 0,
     "Linkname": "bin/[",
     "Mode": 493,
     "Path": "bin/more",
     "Size": 0,
     "TypeFlag": 49,
     "Uid": 0
    },
    {
     "Gid": 0,
     "Linkname": "bin/[",
     "Mode": 493,
     "Path": "bin/mount",
     "Size": 0,
     "TypeFlag": 49,
     "Uid": 0
    },
    {
     "Gid": 0,
     "Linkname": "bin/[",
     "Mode": 493,
     "Path": "bin/mountpoint",
     "Size": 0,
     "TypeFlag": 49,
     "Uid": 0
    },
    {
     "Gid": 0,
     "Linkname": "bin/[",
     "Mode": 493,
     "Path": "bin/mpstat",
     "Size": 0,
     "TypeFlag": 49,
     "Uid": 0
    },
    {
     "Gid": 0,
     "Linkname": "bin/[",
     "Mode": 493,
     "Path": "bin/mt",
     "Size": 0,
     "TypeFlag": 49,
     "Uid": 0
    },
    {
     "Gid": 0,
     "Linkname": "bin/[",
     "Mode": 493,
     "Path": "bin/mv",
     "Size": 0,
     "TypeFlag": 49,
     "Uid": 0
    },
    {
     "Gid": 0,
     "Linkname": "bin/[",
     "Mode": 493,
     "Path": "bin/nameif",
     "Size": 0,
     "TypeFlag": 49,
     "Uid": 0
    },
    {
     "Gid": 0,
     "Linkname": "bin/[",
     "Mode": 493,
     "Path": "bin/nanddump",
     "Size": 0,
     "TypeFlag": 49,
     "Uid": 0
    },
    {
     "Gid": 0,
     "Linkname": "bin/[",
     "Mode": 493,
     "Path": "bin/nandwrite",
     "Size": 0,
     "TypeFlag": 49,
     "Uid": 0
    },
    {
     "Gid": 0,
     "Linkname": "bin/[",
     "Mode": 493,
     "Path": "bin/nbd-client",
     "Size": 0,
     "TypeFlag": 49,
     "Uid": 0
    },
    {
     "Gid": 0,
     "Linkname": "bin/[",
     "Mode": 493,
     "Path": "bin/nc",
     "Size": 0,
     "TypeFlag": 49,
     "Uid": 0
    },
    {
     "Gid": 0,
     "Linkname": "bin/[",
     "Mode": 493,
     "Path": "bin/netstat",
     "Size": 0,
     "TypeFlag": 49,
     "Uid": 0
    },
    {
     "Gid": 0,
     "Linkname": "bin/[",
     "Mode": 493,
     "Path": "bin/nice",
     "Size": 0,
     "TypeFlag": 49,
     "Uid": 0
    },
    {
     "Gid": 0,
     "Linkname": "bin/[",
     "Mode": 493,
     "Path": "bin/nl",
     "Size": 0,
     "TypeFlag": 49,
     "Uid": 0
    },
    {
     "Gid": 0,
     "Linkname": "bin/[",
     "Mode": 493,
     "Path": "bin/nmeter",
     "Size": 0,
     "TypeFlag": 49,
     "Uid": 0
    },
    {
     "Gid": 0,
     "Linkname": "bin/[",
     "Mode": 493,
     "Path": "bin/nohup",
     "Size": 0,
     "TypeFlag": 49,
     "Uid": 0
    },
    {
     "Gid": 0,
     "Linkname": "bin/[",
     "Mode": 493,
     "Path": "bin/nologin",
     "Size": 0,
     "TypeFlag": 49,
     "Uid": 0
    },
    {
     "Gid": 0,
     "Linkname": "bin/[",
     "Mode": 493,
     "Path": "bin/nproc",
     "Size": 0,
     "TypeFlag": 49,
     "Uid": 0
    },
    {
     "Gid": 0,
     "Linkname": "bin/[",
     "Mode": 493,
     "Path": "bin/nsenter",
     "Size": 0,
     "TypeFlag": 49,
     "Uid": 0
    },
    {
     "Gid": 0,
     "Linkname": "bin/[",
     "Mode": 493,
     "Path": "bin/nslookup",
     "Size": 0,
     "TypeFlag": 49,
     "Uid": 0
    },
    {
     "Gid": 0,
     "Linkname": "bin/[",
     "Mode": 493,
     "Path": "bin/ntpd",
     "Size": 0,
     "TypeFlag": 49,
     "Uid": 0
    },
    {
     "Gid": 0,
     "Linkname": "bin/[",
     "Mode": 493,
     "Path": "bin/od",
     "Size": 0,
     "TypeFlag": 49,
     "Uid": 0
    },
    {
     "Gid": 0,
     "Linkname": "bin/[",
     "Mode": 493,
     "Path": "bin/openvt",
     "Size": 0,
     "TypeFlag": 49,
     "Uid": 0
    },
    {
     "Gid": 0,
     "Linkname": "bin/[",
     "Mode": 493,
     "Path": "bin/partprobe",
     "Size": 0,
     "TypeFlag": 49,
     "Uid": 0
    },
    {
     "Gid": 0,
     "Linkname": "bin/[",
     "Mode": 493,
     "Path": "bin/passwd",
     "Size": 0,
     "TypeFlag": 49,
     "Uid": 0
    },
    {
     "Gid": 0,
     "Linkname": "bin/[",
     "Mode": 493,
     "Path": "bin/paste",
     "Size": 0,
     "TypeFlag": 49,
     "Uid": 0
    },
    {
     "Gid": 0,
     "Linkname": "bin/[",
     "Mode": 493,
     "Path": "bin/patch",
     "Size": 0,
     "TypeFlag": 49,
     "Uid": 0
    },
    {
     "Gid": 0,
     "Linkname": "bin/[",
     "Mode": 493,
     "Path": "bin/pgrep",
     "Size": 0,
     "TypeFlag": 49,
     "Uid": 0
    },
    {
     "Gid": 0,
     "Linkname": "bin/[",
     "Mode": 493,
     "Path": "bin/pidof",
     "Size": 0,
     "TypeFlag": 49,
     "Uid": 0
    },
    {
     "Gid": 0,
     "Linkname": "bin/[",
     "Mode": 493,
     "Path": "bin/ping",
     "Size": 0,
     "TypeFlag": 49,
     "Uid": 0
    },
    {
     "Gid": 0,
     "Linkname": "bin/[",
     "Mode": 493,
     "Path": "bin/ping6",
     "Size": 0,
     "TypeFlag": 49,
     "Uid": 0
    },
    {
     "Gid": 0,
     "Linkname": "bin/[",
     "Mode": 493,
     "Path": "bin/pipe_progress",
     "Size": 0,
     "TypeFlag": 49,
     "Uid": 0
    },
    {
     "Gid": 0,
     "Linkname": "bin/[",
     "Mode": 493,
     "Path": "bin/pivot_root",
     "Size": 0,
     "TypeFlag": 49,
     "Uid": 0
    },
    {
     "Gid": 0,
     "Linkname": "bin/[",
     "Mode": 493,
     "Path": "bin/pkill",
     "Size": 0,
     "TypeFlag": 49,
     "Uid": 0
    },
    {
     "Gid": 0,
     "Linkname": "bin/[",
     "Mode": 493,
     "Path": "bin/pmap",
     "Size": 0,
     "TypeFlag": 49,
     "Uid": 0
    },
    {
     "Gid": 0,
     "Linkname": "bin/[",
     "Mode": 493,
     "Path": "bin/popmaildir",
     "Size": 0,
     "TypeFlag": 49,
     "Uid": 0
    },
    {
     "Gid": 0,
     "Linkname": "bin/[",
     "Mode": 493,
     "Path": "bin/poweroff",
     "Size": 0,
     "TypeFlag": 49,
     "Uid": 0
    },
    {
     "Gid": 0,
     "Linkname": "bin/[",
     "Mode": 493,
     "Path": "bin/powertop",
     "Size": 0,
     "TypeFlag": 49,
     "Uid": 0
    },
    {
     "Gid": 0,
     "Linkname": "bin/[",
     "Mode": 493,
     "Path": "bin/printenv",
     "Size": 0,
     "TypeFlag": 49,
     "Uid": 0
    },
    {
     "Gid": 0,
     "Linkname": "bin/[",
     "Mode": 493,
     "Path": "bin/printf",
     "Size": 0,
     "TypeFlag": 49,
     "Uid": 0
    },
    {
     "Gid": 0,
     "Linkname": "bin/[",
     "Mode": 493,
     "Path": "bin/ps",
     "Size": 0,
     "TypeFlag": 49,
     "Uid": 0
    },
    {
     "Gid": 0,
     "Linkname": "bin/[",
     "Mode": 493,
     "Path": "bin/pscan",
     "Size": 0,
     "TypeFlag": 49,
     "Uid": 0
    },
    {
     "Gid": 0,
     "Linkname": "bin/[",
     "Mode": 493,
     "Path": "bin/pstree",
     "Size": 0,
     "TypeFlag": 49,
     "Uid": 0
    },
    {
     "Gid": 0,
     "Linkname": "bin/[",
     "Mode": 493,
     "Path": "bin/pwd",
     "Size": 0,
     "TypeFlag": 49,
     "Uid": 0
    },
    {
     "Gid": 0,
     "Linkname": "bin/[",
     "Mode": 493,
     "Path": "bin/pwdx",
     "Size": 0,
     "TypeFlag": 49,
     "Uid": 0
    },
    {
     "Gid": 0,
     "Linkname": "bin/[",
     "Mode": 493,
     "Path": "bin/raidautorun",
     "Size": 0,
     "TypeFlag": 49,
     "Uid": 0
    },
    {
     "Gid": 0,
     "Linkname": "bin/[",
     "Mode": 493,
     "Path": "bin/rdate",
     "Size": 0,
     "TypeFlag": 49,
     "Uid": 0
    },
    {
     "Gid": 0,
     "Linkname": "bin/[",
     "Mode": 493,
     "Path": "bin/rdev",
     "Size": 0,
     "TypeFlag": 49,
     "Uid": 0
    },
    {
     "Gid": 0,
     "Linkname": "bin/[",
     "Mode": 493,
     "Path": "bin/readahead",
     "Size": 0,
     "TypeFlag": 49,
     "Uid": 0
    },
    {
     "Gid": 0,
     "Linkname": "bin/[",
     "Mode": 493,
     "Path": "bin/readlink",
     "Size": 0,
     "TypeFlag": 49,
     "Uid": 0
    },
    {
     "Gid": 0,
     "Linkname": "bin/[",
     "Mode": 493,
     "Path": "bin/readprofile",
     "Size": 0,
     "TypeFlag": 49,
     "Uid": 0
    },
    {
     "Gid": 0,
     "Linkname": "bin/[",
     "Mode": 493,
     "Path": "bin/realpath",
     "Size": 0,
     "TypeFlag": 49,
     "Uid": 0
    },
    {
     "Gid": 0,
     "Linkname": "bin/[",
     "Mode": 493,
     "Path": "bin/reboot",
     "Size": 0,
     "TypeFlag": 49,
     "Uid": 0
    },
    {
     "Gid": 0,
     "Linkname": "bin/[",
     "Mode": 493,
     "Path": "bin/reformime",
     "Size": 0,
     "TypeFlag": 49,
     "Uid": 0
    },
    {
     "Gid": 0,
     "Linkname": "bin/[",
     "Mode": 493,
     "Path": "bin/remove-shell",
     "Size": 0,
     "TypeFlag": 49,
     "Uid": 0
    },
    {
     "Gid": 0,
     "Linkname": "bin/[",
     "Mode": 493,
     "Path": "bin/renice",
     "Size": 0,
     "TypeFlag": 49,
     "Uid": 0
    },
    {
     "Gid": 0,
     "Linkname": "bin/[",
     "Mode": 493,
     "Path": "bin/reset",
     "Size": 0,
     "TypeFlag": 49,
     "Uid": 0
    },
    {
     "Gid": 0,
     "Linkname": "bin/[",
     "Mode": 493,
     "Path": "bin/resize",
     "Size": 0,
     "TypeFlag": 49,
     "Uid": 0
    },
    {
     "Gid": 0,
     "Linkname": "bin/[",
     "Mode": 493,
     "Path": "bin/resume",
     "Size": 0,
     "TypeFlag": 49,
     "Uid": 0
    },
    {
     "Gid": 0,
     "Linkname": "bin/[",
     "Mode": 493,
     "Path": "bin/rev",
     "Size": 0,
     "TypeFlag": 49,
     "Uid": 0
    },
    {
     "Gid": 0,
     "Linkname": "bin/[",
     "Mode": 493,
     "Path": "bin/rm",
     "Size": 0,
     "TypeFlag": 49,
     "Uid": 0
    },
    {
     "Gid": 0,
     "Linkname": "bin/[",
     "Mode": 493,
     "Path": "bin/rmdir",
     "Size": 0,
     "TypeFlag": 49,
     "Uid": 0
    },
    {
     "Gid": 0,
     "Linkname": "bin/[",
     "Mode": 493,
     "Path": "bin/rmmod",
     "Size": 0,
     "TypeFlag": 49,
     "Uid": 0
    },
    {
     "Gid": 0,
     "Linkname": "bin/[",
     "Mode": 493,
     "Path": "bin/route",
     "Size": 0,
     "TypeFlag": 49,
     "Uid": 0
    },
    {
     "Gid": 0,
     "Linkname": "bin/[",
     "Mode": 493,
     "Path": "bin/rpm",
     "Size": 0,
     "TypeFlag": 49,
     "Uid": 0
    },
    {
     "Gid": 0,
     "Linkname": "bin/[",
     "Mode": 493,
     "Path": "bin/rpm2cpio",
     "Size": 0,
     "TypeFlag": 49,
     "Uid": 0
    },
    {
     "Gid": 0,
     "Linkname": "bin/[",
     "Mode": 493,
     "Path": "bin/rtcwake",
     "Size": 0,
     "TypeFlag": 49,
     "Uid": 0
    },
    {
     "Gid": 0,
     "Linkname": "bin/[",
     "Mode": 493,
     "Path": "bin/run-init",
     "Size": 0,
     "TypeFlag": 49,
     "Uid": 0
    },
    {
     "Gid": 0,
     "Linkname": "bin/[",
     "Mode": 493,
     "Path": "bin/run-parts",
     "Size": 0,
     "TypeFlag": 49,
     "Uid": 0
    },
    {
     "Gid": 0,
     "Linkname": "bin/[",
     "Mode": 493,
     "Path": "bin/runlevel",
     "Size": 0,
     "TypeFlag": 49,
     "Uid": 0
    },
    {
     "Gid": 0,
     "Linkname": "bin/[",
     "Mode": 493,
     "Path": "bin/runsv",
     "Size": 0,
     "TypeFlag": 49,
     "Uid": 0
    },
    {
     "Gid": 0,
     "Linkname": "bin/[",
     "Mode": 493,
     "Path": "bin/runsvdir",
     "Size": 0,
     "TypeFlag": 49,
     "Uid": 0
    },
    {
     "Gid": 0,
     "Linkname": "bin/[",
     "Mode": 493,
     "Path": "bin/rx",
     "Size": 0,
     "TypeFlag": 49,
     "Uid": 0
    },
    {
     "Gid": 0,
     "Linkname": "bin/[",
     "Mode": 493,
     "Path": "bin/script",
     "Size": 0,
     "TypeFlag": 49,
     "Uid": 0
    },
    {
     "Gid": 0,
     "Linkname": "bin/[",
     "Mode": 493,
     "Path": "bin/scriptreplay",
     "Size": 0,
     "TypeFlag": 49,
     "Uid": 0
    },
    {
     "Gid": 0,
     "Linkname": "bin/[",
     "Mode": 493,
     "Path": "bin/sed",
     "Size": 0,
     "TypeFlag": 49,
     "Uid": 0
    },
    {
     "Gid": 0,
     "Linkname": "bin/[",
     "Mode": 493,
     "Path": "bin/seedrng",
     "Size": 0,
     "TypeFlag": 49,
     "Uid": 0
    },
    {
     "Gid": 0,
     "Linkname": "bin/[",
     "Mode": 493,
     "Path": "bin/sendmail",
     "Size": 0,
     "TypeFlag": 49,
     "Uid": 0
    },
    {
     "Gid": 0,
     "Linkname": "bin/[",
     "Mode": 493,
     "Path": "bin/seq",
     "Size": 0,
     "TypeFlag": 49,
     "Uid": 0
    },
    {
     "Gid": 0,
     "Linkname": "bin/[",
     "Mode": 493,
     "Path": "bin/setarch",
     "Size": 0,
     "TypeFlag": 49,
     "Uid": 0
    },
    {
     "Gid": 0,
     "Linkname": "bin/[",
     "Mode": 493,
     "Path": "bin/setconsole",
     "Size": 0,
     "TypeFlag": 49,
     "Uid": 0
    },
    {
     "Gid": 0,
     "Linkname": "bin/[",
     "Mode": 493,
     "Path": "bin/setfattr",
     "Size": 0,
     "TypeFlag": 49,
     "Uid": 0
    },
    {
     "Gid": 0,
     "Linkname": "bin/[",
     "Mode": 493,
     "Path": "bin/setfont",
     "Size": 0,
     "TypeFlag": 49,
     "Uid": 0
    },
    {
     "Gid": 0,
     "Linkname": "bin/[",
     "Mode": 493,
     "Path": "bin/setkeycodes",
     "Size": 0,
     "TypeFlag": 49,
     "Uid": 0
    },
    {
     "Gid": 0,
     "Linkname": "bin/[",
     "Mode": 493,
     "Path": "bin/setlogcons",
     "Size": 0,
     "TypeFlag": 49,
     "Uid": 0
    },
    {
     "Gid": 0,
     "Linkname": "bin/[",
     "Mode": 493,
     "Path": "bin/setpriv",
     "Size": 0,
     "TypeFlag": 49,
     "Uid": 0
    },
    {
     "Gid": 0,
     "Linkname": "bin/[",
     "Mode": 493,
     "Path": "bin/setserial",
     "Size": 0,
     "TypeFlag": 49,
     "Uid": 0
    },
    {
     "Gid": 0,
     "Linkname": "bin/[",
     "Mode": 493,
     "Path": "bin/setsid",
     "Size": 0,
     "TypeFlag": 49,
     "Uid": 0
    },
    {
     "Gid": 0,
     "Linkname": "bin/[",
     "Mode": 493,
     "Path": "bin/setuidgid",
     "Size": 0,
     "TypeFlag": 49,
     "Uid": 0
    },
    {
     "Gid": 0,
     "Linkname": "bin/[",
     "Mode": 493,
     "Path": "bin/sh",
     "Size": 0,
     "TypeFlag": 49,
     "Uid": 0
    },
    {
     "Gid": 0,
     "Linkname": "bin/[",
     "Mode": 493,
     "Path": "bin/sha1sum",
     "Size": 0,
     "TypeFlag": 49,
     "Uid": 0
    },
    {
     "Gid": 0,
     "Linkname": "bin/[",
     "Mode": 493,
     "Path": "bin/sha256sum",
     "Size": 0,
     "TypeFlag": 49,
     "Uid": 0
    },
    {
     "Gid": 0,
     "Linkname": "bin/[",
     "Mode": 493,
     "Path": "bin/sha3sum",
     "Size": 0,
     "TypeFlag": 49,
     "Uid": 0
    },
    {
     "Gid": 0,
     "Linkname": "bin/[",
     "Mode": 493,
     "Path": "bin/sha512sum",
     "Size": 0,
     "TypeFlag": 49,
     "Uid": 0
    },
    {
     "Gid": 0,
     "Linkname": "bin/[",
     "Mode": 493,
     "Path": "bin/showkey",
     "Size": 0,
     "TypeFlag": 49,
     "Uid": 0
    },
    {
     "Gid": 0,
     "Linkname": "bin/[",
     "Mode": 493,
     "Path": "bin/shred",
     "Size": 0,
     "TypeFlag": 49,
     "Uid": 0
    },
    {
     "Gid": 0,
     "Linkname": "bin/[",
     "Mode": 493,
     "Path": "bin/shuf",
     "Size": 0,
     "TypeFlag": 49,
     "Uid": 0
    },
    {
     "Gid": 0,
     "Linkname": "bin/[",
     "Mode": 493,
     "Path": "bin/slattach",
     "Size": 0,
     "TypeFlag": 49,
     "Uid": 0
    },
    {
     "Gid": 0,
     "Linkname": "bin/[",
     "Mode": 493,
     "Path": "bin/sleep",
     "Size": 0,
     "TypeFlag": 49,
     "Uid": 0
    },
    {
     "Gid": 0,
     "Linkname": "bin/[",
     "Mode": 493,
     "Path": "bin/smemcap",
     "Size": 0,
     "TypeFlag": 49,
     "Uid": 0
    },
    {
     "Gid": 0,
     "Linkname": "bin/[",
     "Mode": 493,
     "Path": "bin/softlimit",
     "Size": 0,
     "TypeFlag": 49,
     "Uid": 0
    },
    {
     "Gid": 0,
     "Linkname": "bin/[",
     "Mode": 493,
     "Path": "bin/sort",
     "Size": 0,
     "TypeFlag": 49,
     "Uid": 0
    },
    {
     "Gid": 0,
     "Linkname": "bin/[",
     "Mode": 493,
     "Path": "bin/split",
     "Size": 0,
     "TypeFlag": 49,
     "Uid": 0
    },
    {
     "Gid": 0,
     "Linkname": "bin/[",
     "Mode": 493,
     "Path": "bin/ssl_client",
     "Size": 0,
     "TypeFlag": 49,
     "Uid": 0
    },
    {
     "Gid": 0,
     "Linkname": "bin/[",
     "Mode": 493,
     "Path": "bin/start-stop-daemon",
     "Size": 0,
     "TypeFlag": 49,
     "Uid": 0
    },
    {
     "Gid": 0,
     "Linkname": "bin/[",
     "Mode": 493,
     "Path": "bin/stat",
     "Size": 0,
     "TypeFlag": 49,
     "Uid": 0
    },
    {
     "Gid": 0,
     "Linkname": "bin/[",
     "Mode": 493,
     "Path": "bin/strings",
     "Size": 0,
     "TypeFlag": 49,
     "Uid": 0
    },
    {
     "Gid": 0,
     "Linkname": "bin/[",
     "Mode": 493,
     "Path": "bin/stty",
     "Size": 0,
     "TypeFlag": 49,
     "Uid": 0
    },
    {
     "Gid": 0,
     "Linkname": "bin/[",
     "Mode": 493,
     "Path": "bin/su",
     "Size": 0,
     "TypeFlag": 49,
     "Uid": 0
    },
    {
     "Gid": 0,
     "Linkname": "bin/[",
     "Mode": 493,
     "Path": "bin/sulogin",
     "Size": 0,
     "TypeFlag": 49,
     "Uid": 0
    },
    {
     "Gid": 0,
     "Linkname": "bin/[",
     "Mode": 493,
     "Path": "bin/sum",
     "Size": 0,
     "TypeFlag": 49,
     "Uid": 0
    },
    {
     "Gid": 0,
     "Linkname": "bin/[",
     "Mode": 493,
     "Path": "bin/sv",
     "Size": 0,
     "TypeFlag": 49,
     "Uid": 0
    },
    {
     "Gid": 0,
     "Linkname": "bin/[",
     "Mode": 493,
     "Path": "bin/svc",
     "Size": 0,
     "TypeFlag": 49,
     "Uid": 0
    },
    {
     "Gid": 0,
     "Linkname": "bin/[",
     "Mode": 493,
     "Path": "bin/svlogd",
     "Size": 0,
     "TypeFlag": 49,
     "Uid": 0
    },
    {
     "Gid": 0,
     "Linkname": "bin/[",
     "Mode": 493,
     "Path": "bin/svok",
     "Size": 0,
     "TypeFlag": 49,
     "Uid": 0
    },
    {
     "Gid": 0,
     "Linkname": "bin/[",
     "Mode": 493,
     "Path": "bin/swapoff",
     "Size": 0,
     "TypeFlag": 49,
     "Uid": 0
    },
    {
     "Gid": 0,
     "Linkname": "bin/[",
     "Mode": 493,
     "Path": "bin/swapon",
     "Size": 0,
     "TypeFlag": 49,
     "Uid": 0
    },
    {
     "Gid": 0,
     "Linkname": "bin/[",
     "Mode": 493,
     "Path": "bin/switch_root",
     "Size": 0,
     "TypeFlag": 49,
     "Uid": 0
    },
    {
     "Gid": 0,
     "Linkname": "bin/[",
     "Mode": 493,
     "Path": "bin/sync",
     "Size": 0,
     "TypeFlag": 49,
     "Uid": 0
    },
    {
     "Gid": 0,
     "Linkname": "bin/[",
     "Mode": 493,
     "Path": "bin/sysctl",
     "Size": 0,
     "TypeFlag": 49,
     "Uid": 0
    },
    {
     "Gid": 0,
     "Linkname": "bin/[",
     "Mode": 493,
     "Path": "bin/syslogd",
     "Size": 0,
     "TypeFlag": 49,
     "Uid": 0
    },
    {
     "Gid": 0,
     "Linkname": "bin/[",
     "Mode": 493,
     "Path": "bin/tac",
     "Size": 0,
     "TypeFlag": 49,
     "Uid": 0
    },
    {
     "Gid": 0,
     "Linkname": "bin/[",
     "Mode": 493,
     "Path": "bin/tail",
     "Size": 0,
     "TypeFlag": 49,
     "Uid": 0
    },
    {
     "Gid": 0,
     "Linkname": "bin/[",
     "Mode": 493,
     "Path": "bin/tar",
     "Size": 0,
     "TypeFlag": 49,
     "Uid": 0
    },
    {
     "Gid": 0,
     "Linkname": "bin/[",
     "Mode": 493,
     "Path": "bin/taskset",
     "Size": 0,
     "TypeFlag": 49,
     "Uid": 0
    },
    {
     "Gid": 0,
     "Linkname": "bin/[",
     "Mode": 493,
     "Path": "bin/tc",
     "Size": 0,
     "TypeFlag": 49,
     "Uid": 0
    },
    {
     "Gid": 0,
     "Linkname": "bin/[",
     "Mode": 493,
     "Path": "bin/tcpsvd",
     "Size": 0,
     "TypeFlag": 49,
     "Uid": 0
    },
    {
     "Gid": 0,
     "Linkname": "bin/[",
     "Mode": 493,
     "Path": "bin/tee",
     "Size": 0,
     "TypeFlag": 49,
     "Uid": 0
    },
    {
     "Gid": 0,
     "Linkname": "bin/[",
     "Mode": 493,
     "Path": "bin/telnet",
     "Size": 0,
     "TypeFlag": 49,
     "Uid": 0
    },
    {
     "Gid": 0,
     "Linkname": "bin/[",
     "Mode": 493,
     "Path": "bin/telnetd",
     "Size": 0,
     "TypeFlag": 49,
     "Uid": 0
    },
    {
     "Gid": 0,
     "Linkname": "bin/[",
     "Mode": 493,
     "Path": "bin/test",
     "Size": 0,
     "TypeFlag": 49,
     "Uid": 0
    },
    {
     "Gid": 0,
     "Linkname": "bin/[",
     "Mode": 493,
     "Path": "bin/tftp",
     "Size": 0,
     "TypeFlag": 49,
     "Uid": 0
    },
    {
     "Gid": 0,
     "Linkname": "bin/[",
     "Mode": 493,
     "Path": "bin/tftpd",
     "Size": 0,
     "TypeFlag": 49,
     "Uid": 0
    },
    {
     "Gid": 0,
     "Linkname": "bin/[",
     "Mode": 493,
     "Path": "bin/time",
     "Size": 0,
     "TypeFlag": 49,
     "Uid": 0
    },
    {
     "Gid": 0,
     "Linkname": "bin/[",
     "Mode": 493,
     "Path": "bin/timeout",
     "Size": 0,
     "TypeFlag": 49,
     "Uid": 0
    },
    {
     "Gid": 0,
     "Linkname": "bin/[",
     "Mode": 493,
     "Path": "bin/top",
     "Size": 0,
     "TypeFlag": 49,
     "Uid": 0
    },
    {
     "Gid": 0,
     "Linkname": "bin/[",
     "Mode": 493,
     "Path": "bin/touch",
     "Size": 0,
     "TypeFlag": 49,
     "Uid": 0
    },
    {
     "Gid": 0,
     "Linkname": "bin/[",
     "Mode": 493,
     "Path": "bin/tr",
     "Size": 0,
     "TypeFlag": 49,
     "Uid": 0
    },
    {
     "Gid": 0,
     "Linkname": "bin/[",
     "Mode": 493,
     "Path": "bin/traceroute",
     "Size": 0,
     "TypeFlag": 49,
     "Uid": 0
    },
    {
     "Gid": 0,
     "Linkname": "bin/[",
     "Mode": 493,
     "Path": "bin/traceroute6",
     "Size": 0,
     "TypeFlag": 49,
     "Uid": 0
    },
    {
     "Gid": 0,
     "Linkname": "bin/[",
     "Mode": 493,
     "Path": "bin/tree",
     "Size": 0,
     "TypeFlag": 49,
     "Uid": 0
    },
    {
     "Gid": 0,
     "Linkname": "bin/[",
     "Mode": 493,
     "Path": "bin/true",
     "Size": 0,
     "TypeFlag": 49,
     "Uid": 0
    },
    {
     "Gid": 0,
     "Linkname": "bin/[",
     "Mode": 493,
     "Path": "bin/truncate",
     "Size": 0,
     "TypeFlag": 49,
     "Uid": 0
    },
    {
     "Gid": 0,
     "Linkname": "bin/[",
     "Mode": 493,
     "Path": "bin/ts",
     "Size": 0,
     "TypeFlag": 49,
     "Uid": 0
    },
    {
     "Gid": 0,
     "Linkname": "bin/[",
     "Mode": 493,
     "Path": "bin/tsort",
     "Size": 0,
     "TypeFlag": 49,
     "Uid": 0
    },
    {
     "Gid": 0,
     "Linkname": "bin/[",
     "Mode": 493,
     "Path": "bin/tty",
     "Size": 0,
     "TypeFlag": 49,
     "Uid": 0
    },
    {
     "Gid": 0,
     "Linkname": "bin/[",
     "Mode": 493,
     "Path": "bin/ttysize",
     "Size": 0,
     "TypeFlag": 49,
     "Uid": 0
    },
    {
     "Gid": 0,
     "Linkname": "bin/[",
     "Mode": 493,
     "Path": "bin/tunctl",
     "Size": 0,
     "TypeFlag": 49,
     "Uid": 0
    },
    {
     "Gid": 0,
     "Linkname": "bin/[",
     "Mode": 493,
     "Path": "bin/ubiattach",
     "Size": 0,
     "TypeFlag": 49,
     "Uid": 0
    },
    {
     "Gid": 0,
     "Linkname": "bin/[",
     "Mode": 493,
     "Path": "bin/ubidetach",
     "Size": 0,
     "TypeFlag": 49,
     "Uid": 0
    },
    {
     "Gid": 0,
     "Linkname": "bin/[",
     "Mode": 493,
     "Path": "bin/ubimkvol",
     "Size": 0,
     "TypeFlag": 49,
     "Uid": 0
    },
    {
     "Gid": 0,
     "Linkname": "bin/[",
     "Mode": 493,
     "Path": "bin/ubirename",
     "Size": 0,
     "TypeFlag": 49,
     "Uid": 0
    },
    {
     "Gid": 0,
     "Linkname": "bin/[",
     "Mode": 493,
     "Path": "bin/ubirmvol",
     "Size": 0,
     "TypeFlag": 49,
     "Uid": 0
    },
    {
     "Gid": 0,
     "Linkname": "bin/[",
     "Mode": 493,
     "Path": "bin/ubirsvol",
     "Size": 0,
     "TypeFlag": 49,
     "Uid": 0
    },
    {
     "Gid": 0,
     "Linkname": "bin/[",
     "Mode": 493,
     "Path": "bin/ubiupdatevol",
     "Size": 0,
     "TypeFlag": 49,
     "Uid": 0
    },
    {
     "Gid": 0,
     "Linkname": "bin/[",
     "Mode": 493,
     "Path": "bin/udhcpc",
     "Size": 0,
     "TypeFlag": 49,
     "Uid": 0
    },
    {
     "Gid": 0,
     "Linkname": "bin/[",
     "Mode": 493,
     "Path": "bin/udhcpc6",
     "Size": 0,
     "TypeFlag": 49,
     "Uid": 0
    },
    {
     "Gid": 0,
     "Linkname": "bin/[",
     "Mode": 493,
     "Path": "bin/udhcpd",
     "Size": 0,
     "TypeFlag": 49,
     "Uid": 0
    },
    {
     "Gid": 0,
     "Linkname": "bin/[",
     "Mode": 493,
     "Path": "bin/udpsvd",
     "Size": 0,
     "TypeFlag": 49,
     "Uid": 0
    },
    {
     "Gid": 0,
     "Linkname": "bin/[",
     "Mode": 493,
     "Path": "bin/uevent",
     "Size": 0,
     "TypeFlag": 49,
     "Uid": 0
    },
    {
     "Gid": 0,
     "Linkname": "bin/[",
     "Mode": 493,
     "Path": "bin/umount",
     "Size": 0,
     "TypeFlag": 49,
     "Uid": 0
    },
    {
     "Gid": 0,
     "Linkname": "bin/[",
     "Mode": 493,
     "Path": "bin/uname",
     "Size": 0,
     "TypeFlag": 49,
     "Uid": 0
    },
    {
     "Gid": 0,
     "Linkname": "bin/[",
     "Mode": 493,
     "Path": "bin/unexpand",
     "Size": 0,
     "TypeFlag": 49,
     "Uid": 0
    },
    {
     "Gid": 0,
     "Linkname": "bin/[",
     "Mode": 493,
     "Path": "bin/uniq",
     "Size": 0,
     "TypeFlag": 49,
     "Uid": 0
    },
    {
     "Gid": 0,
     "Linkname": "bin/[",
     "Mode": 493,
     "Path": "bin/unix2dos",
     "Size": 0,
     "TypeFlag": 49,
     "Uid": 0
    },
    {
     "Gid": 0,
     "Linkname": "bin/[",
     "Mode": 493,
     "Path": "bin/unlink",
     "Size": 0,
     "TypeFlag": 49,
     "Uid": 0
    },
    {
     "Gid": 0,
     "Linkname": "bin/[",
     "Mode": 493,
     "Path": "bin/unlzma",
     "Size": 0,
     "TypeFlag": 49,
     "Uid": 0
    },
    {
     "Gid": 0,
     "Linkname": "bin/[",
     "Mode": 493,
     "Path": "bin/unshare",
     "Size": 0,
     "TypeFlag": 49,
     "Uid": 0
    },
    {
     "Gid": 0,
     "Linkname": "bin/[",
     "Mode": 493,
     "Path": "bin/unxz",
     "Size": 0,
     "TypeFlag": 49,
     "Uid": 0
    },
    {
     "Gid": 0,
     "Linkname": "bin/[",
     "Mode": 493,
     "Path": "bin/unzip",
     "Size": 0,
     "TypeFlag": 49,
     "Uid": 0
    },
    {
     "Gid": 0,
     "Linkname": "bin/[",
     "Mode": 493,
     "Path": "bin/uptime",
     "Size": 0,
     "TypeFlag": 49,
     "Uid": 0
    },
    {
     "Gid": 0,
     "Linkname": "bin/[",
     "Mode": 493,
     "Path": "bin/users",
     "Size": 0,
     "TypeFlag": 49,
     "Uid": 0
    },
    {
     "Gid": 0,
     "Linkname": "bin/[",
     "Mode": 493,
     "Path": "bin/usleep",
     "Size": 0,
     "TypeFlag": 49,
     "Uid": 0
    },
    {
     "Gid": 0,
     "Linkname": "bin/[",
     "Mode": 493,
     "Path": "bin/uudecode",
     "Size": 0,
     "TypeFlag": 49,
     "Uid": 0
    },
    {
     "Gid": 0,
     "Linkname": "bin/[",
     "Mode": 493,
     "Path": "bin/uuencode",
     "Size": 0,
     "TypeFlag": 49,
     "Uid": 0
    },
    {
     "Gid": 0,
     "Linkname": "bin/[",
     "Mode": 493,
     "Path": "bin/vconfig",
     "Size": 0,
     "TypeFlag": 49,
     "Uid": 0
    },
    {
     "Gid": 0,
     "Linkname": "bin/[",
     "Mode": 493,
     "Path": "bin/vi",
     "Size": 0,
     "TypeFlag": 49,
     "Uid": 0
    },
    {
     "Gid": 0,
     "Linkname": "bin/[",
     "Mode": 493,
     "Path": "bin/vlock",
     "Size": 0,
     "TypeFlag": 49,
     "Uid": 0
    },
    {
     "Gid": 0,
     "Linkname": "bin/[",
     "Mode": 493,
     "Path": "bin/volname",
     "Size": 0,
     "TypeFlag": 49,
     "Uid": 0
    },
    {
     "Gid": 0,
     "Linkname": "bin/[",
     "Mode": 493,
     "Path": "bin/w",
     "Size": 0,
     "TypeFlag": 49,
     "Uid": 0
    },
    {
     "Gid": 0,
     "Linkname": "bin/[",
     "Mode": 493,
     "Path": "bin/wall",
     "Size": 0,
     "TypeFlag": 49,
     "Uid": 0
    },
    {
     "Gid": 0,
     "Linkname": "bin/[",
     "Mode": 493,
     "Path": "bin/watch",
     "Size": 0,
     "TypeFlag": 49,
     "Uid": 0
    },
    {
     "Gid": 0,
     "Linkname": "bin/[",
     "Mode": 493,
     "Path": "bin/watchdog",
     "Size": 0,
     "TypeFlag": 49,
     "Uid": 0
    },
    {
     "Gid": 0,
     "Linkname": "bin/[",
     "Mode": 493,
     "Path": "bin/wc",
     "Size": 0,
     "TypeFlag": 49,
     "Uid": 0
    },
    {
     "Gid": 0,
     "Linkname": "bin/[",
     "Mode": 493,
     "Path": "bin/wget",
     "Size": 0,
     "TypeFlag": 49,
     "Uid": 0
    },
    {
     "Gid": 0,
     "Linkname": "bin/[",
     "Mode": 493,
     "Path": "bin/which",
     "Size": 0,
     "TypeFlag": 49,
     "Uid": 0
    },
    {
     "Gid": 0,
     "Linkname": "bin/[",
     "Mode": 493,
     "Path": "bin/who",
     "Size": 0,
     "TypeFlag": 49,
     "Uid": 0
    },
    {
     "Gid": 0,
     "Linkname": "bin/[",
     "Mode": 493,
     "Path": "bin/whoami",
     "Size": 0,
     "TypeFlag": 49,
     "Uid": 0
    },
    {
     "Gid": 0,
     "Linkname": "bin/[",
     "Mode": 493,
     "Path": "bin/whois",
     "Size": 0,
     "TypeFlag": 49,
     "Uid": 0
    },
    {
     "Gid": 0,
     "Linkname": "bin/[",
     "Mode": 493,
     "Path": "bin/xargs",
     "Size": 0,
     "TypeFlag": 49,
     "Uid": 0
    },
    {
     "Gid": 0,
     "Linkname": "bin/[",
     "Mode": 493,
     "Path": "bin/xxd",
     "Size": 0,
     "TypeFlag": 49,
     "Uid": 0
    },
    {
     "Gid": 0,
     "Linkname": "bin/[",
     "Mode": 493,
     "Path": "bin/xz",
     "Size": 0,
     "TypeFlag": 49,
     "Uid": 0
    },
    {
     "Gid": 0,
     "Linkname": "bin/[",
     "Mode": 493,
     "Path": "bin/xzcat",
     "Size": 0,
     "TypeFlag": 49,
     "Uid": 0
    },
    {
     "Gid": 0,
     "Linkname": "bin/[",
     "Mode": 493,
     "Path": "bin/yes",
     "Size": 0,
     "TypeFlag": 49,
     "Uid": 0
    },
    {
     "Gid": 0,
     "Linkname": "bin/[",
     "Mode": 493,
     "Path": "bin/zcat",
     "Size": 0,
     "TypeFlag": 49,
     "Uid": 0
    },
    {
     "Gid": 0,
     "Linkname": "bin/[",
     "Mode": 493,
     "Path": "bin/zcip",
     "Size": 0,
     "TypeFlag": 49,
     "Uid": 0
    },
    {
     "Gid": 0,
     "Linkname": "",
     "Mode": 2147484141,
     "Path": "bin/",
     "Size": 0,
     "TypeFlag": 53,
     "Uid": 0
    },
    {
     "Gid": 0,
     "Linkname": "",
     "Mode": 2147484141,
     "Path": "dev/",
     "Size": 0,
     "TypeFlag": 53,
     "Uid": 0
    },
    {
     "Gid": 0,
     "Linkname": "",
     "Mode": 420,
     "Path": "etc/group",
     "Size": 306,
     "TypeFlag": 48,
     "Uid": 0
    },
    {
     "Gid": 0,
     "Linkname": "",
     "Mode": 420,
     "Path": "etc/localtime",
     "Size": 114,
     "TypeFlag": 48,
     "Uid": 0
    },
    {
     "Gid": 0,
     "Linkname": "",
     "Mode": 2147484141,
     "Path": "etc/network/if-down.d/",
     "Size": 0,
     "TypeFlag": 53,
     "Uid": 0
    },
    {
     "Gid": 0,
     "Linkname": "",
     "Mode": 2147484141,
     "Path": "etc/network/if-post-down.d/",
     "Size": 0,
     "TypeFlag": 53,
     "Uid": 0
    },
    {
     "Gid": 0,
     "Linkname": "",
     "Mode": 2147484141,
     "Path": "etc/network/if-pre-up.d/",
     "Size": 0,
     "TypeFlag": 53,
     "Uid": 0
    },
    {
     "Gid": 0,
     "Linkname": "",
     "Mode": 2147484141,
     "Path": "etc/network/if-up.d/",
     "Size": 0,
     "TypeFlag": 53,
     "Uid": 0
    },
    {
     "Gid": 0,
     "Linkname": "",
     "Mode": 2147484141,
     "Path": "etc/network/",
     "Size": 0,
     "TypeFlag": 53,
     "Uid": 0
    },
    {
     "Gid": 0,
     "Linkname": "",
     "Mode": 420,
     "Path": "etc/nsswitch.conf",
     "Size": 494,
     "TypeFlag": 48,
     "Uid": 0
    },
    {
     "Gid": 0,
     "Linkname": "",
     "Mode": 420,
     "Path": "etc/passwd",
     "Size": 340,
     "TypeFlag": 48,
     "Uid": 0
    },
    {
     "Gid": 0,
     "Linkname": "",
     "Mode": 384,
     "Path": "etc/shadow",
     "Size": 136,
     "TypeFlag": 48,
     "Uid": 0
    },
    {
     "Gid": 0,
     "Linkname": "",
     "Mode": 2147484141,
     "Path": "etc/",
     "Size": 0,
     "TypeFlag": 53,
     "Uid": 0
    },
    {
     "Gid": 65534,
     "Linkname": "",
     "Mode": 2147484141,
     "Path": "home/",
     "Size": 0,
     "TypeFlag": 53,
     "Uid": 65534
    },
    {
     "Gid": 0,
     "Linkname": "",
     "Mode": 493,
     "Path": "lib/ld-linux-x86-64.so.2",
     "Size": 215000,
     "TypeFlag": 48,
     "Uid": 0
    },
    {
     "Gid": 0,
     "Linkname": "",
     "Mode": 493,
     "Path": "lib/libc.so.6",
     "Size": 1922136,
     "TypeFlag": 48,
     "Uid": 0
    },
    {
     "Gid": 0,
     "Linkname": "",
     "Mode": 420,
     "Path": "lib/libm.so.6",
     "Size": 911904,
     "TypeFlag": 48,
     "Uid": 0
    },
    {
     "Gid": 0,
     "Linkname": "",
     "Mode": 420,
     "Path": "lib/libnss_compat.so.2",
     "Size": 39896,
     "TypeFlag": 48,
     "Uid": 0
    },
    {
     "Gid": 0,
     "Linkname": "",
     "Mode": 420,
     "Path": "lib/libnss_dns.so.2",
     "Size": 14400,
     "TypeFlag": 48,
     "Uid": 0
    },
    {
     "Gid": 0,
     "Linkname": "",
     "Mode": 420,
     "Path": "lib/libnss_files.so.2",
     "Size": 14400,
     "TypeFlag": 48,
     "Uid": 0
    },
    {
     "Gid": 0,
     "Linkname": "",
     "Mode": 420,
     "Path": "lib/libnss_hesiod.so.2",
     "Size": 27136,
     "TypeFlag": 48,
     "Uid": 0
    },
    {
     "Gid": 0,
     "Linkname": "",
     "Mode": 420,
     "Path": "lib/libpthread.so.0",
     "Size": 14480,
     "TypeFlag": 48,
     "Uid": 0
    },
    {
     "Gid": 0,
     "Linkname": "",
     "Mode": 420,
     "Path": "lib/libresolv.so.2",
     "Size": 60328,
     "TypeFlag": 48,
     "Uid": 0
    },
    {
     "Gid": 0,
     "Linkname": "",
     "Mode": 2147484141,
     "Path": "lib/",
     "Size": 0,
     "TypeFlag": 53,
     "Uid": 0
    },
    {
     "Gid": 0,
     "Linkname": "lib",
     "Mode": 134218239,
     "Path": "lib64",
     "Size": 0,
     "TypeFlag": 50,
     "Uid": 0
    },
    {
     "Gid": 0,
     "Linkname": "",
     "Mode": 2147484096,
     "Path": "root/",
     "Size": 0,
     "TypeFlag": 53,
     "Uid": 0
    },
    {
     "Gid": 0,
     "Linkname": "",
     "Mode": 2148532735,
     "Path": "tmp/",
     "Size": 0,
     "TypeFlag": 53,
     "Uid": 0
    },
    {
     "Gid": 0,
     "Linkname": "../../bin/env",
     "Mode": 134218239,
     "Path": "usr/bin/env",
     "Size": 0,
     "TypeFlag": 50,
     "Uid": 0
    },
    {
     "Gid": 0,
     "Linkname": "",
     "Mode": 2147484141,
     "Path": "usr/bin/",
     "Size": 0,
     "TypeFlag": 53,
     "Uid": 0
    },
    {
     "Gid": 1,
     "Linkname": "",
     "Mode": 2147484141,
     "Path": "usr/sbin/",
     "Size": 0,
     "TypeFlag": 53,
     "Uid": 1
    },
    {
     "Gid": 0,
     "Linkname": "",
     "Mode": 2147484141,
     "Path": "usr/",
     "Size": 0,
     "TypeFlag": 53,
     "Uid": 0
    },
    {
     "Gid": 8,
     "Linkname": "",
     "Mode": 2147484141,
     "Path": "var/spool/mail/",
     "Size": 0,
     "TypeFlag": 53,
     "Uid": 8
    },
    {
     "Gid": 0,
     "Linkname": "",
     "Mode": 2147484141,
     "Path": "var/spool/",
     "Size": 0,
     "TypeFlag": 53,
     "Uid": 0
    },
    {
     "Gid": 0,
     "Linkname": "",
     "Mode": 2147484141,
     "Path": "var/www/",
     "Size": 0,
     "TypeFlag": 53,
     "Uid": 0
    },
    {
     "Gid": 0,
     "Linkname": "",
     "Mode": 2147484141,
     "Path": "var/",
     "Size": 0,
     "TypeFlag": 53,
     "Uid": 0
    }
   ],
   "id": "blobs",
   "index": 0,
   "sizeBytes": 4277894
  }
 ]
}
---
