
[Test_Export - 1]
{
 "image": {
  "efficiencyScore": 0.9844212134184309,
  "fileReference": [
   {
    "count": 2,
    "file": "/root/saved.txt",
    "sizeBytes": 12810
   },
   {
    "count": 2,
    "file": "/root/example/somefile1.txt",
    "sizeBytes": 12810
   },
   {
    "count": 2,
    "file": "/root/example/somefile3.txt",
    "sizeBytes": 6405
   }
  ],
  "inefficientBytes": 32025,
  "sizeBytes": 1220598
 },
 "layer": [
  {
   "command": "#(nop) ADD file:ce026b62356eec3ad1214f92be2c9dc063fe205bd5e600be3492c4dfb17148bd in / ",
   "digestId": "sha256:23bc2b70b2014dec0ac22f27bb93e9babd08cdd6f1115d0c955b9ff22b382f5a",
   "fileList": [
    {
     "Gid": 0,
     "Linkname": "",
     "Mode": 493,
     "Path": "bin/[",
     "Size": 1075464,
     "TypeFlag": 48,
     "Uid": 0
    },
    {
     "Gid": 0,
     "Linkname": "bin/[",
     "Mode": 493,
     "Path": "bin/[[",
     "Size": 0,
     "TypeFlag": 49,
     "Uid": 0
    },
    {
     "Gid": 0,
     "Linkname": "bin/[",
     "Mode": 493,
     "Path": "bin/acpid",
     "Size": 0,
     "TypeFlag": 49,
     "Uid": 0
    },
    {
     "Gid": 0,
     "Linkname": "bin/[",
     "Mode": 493,
     "Path": "bin/add-shell",
     "Size": 0,
     "TypeFlag": 49,
     "Uid": 0
    },
    {
     "Gid": 0,
     "Linkname": "bin/[",
     "Mode": 493,
     "Path": "bin/addgroup",
     "Size": 0,
     "TypeFlag": 49,
     "Uid": 0
    },
    {
     "Gid": 0,
     "Linkname": "bin/[",
     "Mode": 493,
     "Path": "bin/adduser",
     "Size": 0,
     "TypeFlag": 49,
     "Uid": 0
    },
    {
     "Gid": 0,
     "Linkname": "bin/[",
     "Mode": 493,
     "Path": "bin/adjtimex",
     "Size": 0,
     "TypeFlag": 49,
     "Uid": 0
    },
    {
     "Gid": 0,
     "Linkname": "bin/[",
     "Mode": 493,
     "Path": "bin/ar",
     "Size": 0,
     "TypeFlag": 49,
     "Uid": 0
    },
    {
     "Gid": 0,
     "Linkname": "bin/[",
     "Mode": 493,
     "Path": "bin/arch",
     "Size": 0,
     "TypeFlag": 49,
     "Uid": 0
    },
    {
     "Gid": 0,
     "Linkname": "bin/[",
     "Mode": 493,
     "Path": "bin/arp",
     "Size": 0,
     "TypeFlag": 49,
     "Uid": 0
    },
    {
     "Gid": 0,
     "Linkname": "bin/[",
     "Mode": 493,
     "Path": "bin/arping",
     "Size": 0,
     "TypeFlag": 49,
     "Uid": 0
    },
    {
     "Gid": 0,
     "Linkname": "bin/[",
     "Mode": 493,
     "Path": "bin/ash",
     "Size": 0,
     "TypeFlag": 49,
     "Uid": 0
    },
    {
     "Gid": 0,
     "Linkname": "bin/[",
     "Mode": 493,
     "Path": "bin/awk",
     "Size": 0,
     "TypeFlag": 49,
     "Uid": 0
    },
    {
     "Gid": 0,
     "Linkname": "bin/[",
     "Mode": 493,
     "Path": "bin/base64",
     "Size": 0,
     "TypeFlag": 49,
     "Uid": 0
    },
    {
     "Gid": 0,
     "Linkname": "bin/[",
     "Mode": 493,
     "Path": "bin/basename",
     "Size": 0,
     "TypeFlag": 49,
     "Uid": 0
    },
    {
     "Gid": 0,
     "Linkname": "bin/[",
     "Mode": 493,
     "Path": "bin/beep",
     "Size": 0,
     "TypeFlag": 49,
     "Uid": 0
    },
    {
     "Gid": 0,
     "Linkname": "bin/[",
     "Mode": 493,
     "Path": "bin/blkdiscard",
     "Size": 0,
     "TypeFlag": 49,
     "Uid": 0
    },
    {
     "Gid": 0,
     "Linkname": "bin/[",
     "Mode": 493,
     "Path": "bin/blkid",
     "Size": 0,
     "TypeFlag": 49,
     "Uid": 0
    },
    {
     "Gid": 0,
     "Linkname": "bin/[",
     "Mode": 493,
     "Path": "bin/blockdev",
     "Size": 0,
     "TypeFlag": 49,
     "Uid": 0
    },
    {
     "Gid": 0,
     "Linkname": "bin/[",
     "Mode": 493,
     "Path": "bin/bootchartd",
     "Size": 0,
     "TypeFlag": 49,
     "Uid": 0
    },
    {
     "Gid": 0,
     "Linkname": "bin/[",
     "Mode": 493,
     "Path": "bin/brctl",
     "Size": 0,
     "TypeFlag": 49,
     "Uid": 0
    },
    {
     "Gid": 0,
     "Linkname": "bin/[",
     "Mode": 493,
     "Path": "bin/bunzip2",
     "Size": 0,
     "TypeFlag": 49,
     "Uid": 0
    },
    {
     "Gid": 0,
     "Linkname": "bin/[",
     "Mode": 493,
     "Path": "bin/busybox",
     "Size": 0,
     "TypeFlag": 49,
     "Uid": 0
    },
    {
     "Gid": 0,
     "Linkname": "bin/[",
     "Mode": 493,
     "Path": "bin/bzcat",
     "Size": 0,
     "TypeFlag": 49,
     "Uid": 0
    },
    {
     "Gid": 0,
     "Linkname": "bin/[",
     "Mode": 493,
     "Path": "bin/bzip2",
     "Size": 0,
     "TypeFlag": 49,
     "Uid": 0
    },
    {
     "Gid": 0,
     "Linkname": "bin/[",
     "Mode": 493,
     "Path": "bin/cal",
     "Size": 0,
     "TypeFlag": 49,
     "Uid": 0
    },
    {
     "Gid": 0,
     "Linkname": "bin/[",
     "Mode": 493,
     "Path": "bin/cat",
     "Size": 0,
     "TypeFlag": 49,
     "Uid": 0
    },
    {
     "Gid": 0,
     "Linkname": "bin/[",
     "Mode": 493,
     "Path": "bin/chat",
     "Size": 0,
     "TypeFlag": 49,
     "Uid": 0
    },
    {
     "Gid": 0,
     "Linkname": "bin/[",
     "Mode": 493,
     "Path": "bin/chattr",
     "Size": 0,
     "TypeFlag": 49,
     "Uid": 0
    },
    {
     "Gid": 0,
     "Linkname": "bin/[",
     "Mode": 493,
     "Path": "bin/chgrp",
     "Size": 0,
     "TypeFlag": 49,
     "Uid": 0
    },
    {
     "Gid": 0,
     "Linkname": "bin/[",
     "Mode": 493,
     "Path": "bin/chmod",
     "Size": 0,
     "TypeFlag": 49,
     "Uid": 0
    },
    {
     "Gid": 0,
     "Linkname": "bin/[",
     "Mode": 493,
     "Path": "bin/chown",
     "Size": 0,
     "TypeFlag": 49,
     "Uid": 0
    },
    {
     "Gid": 0,
     "Linkname": "bin/[",
     "Mode": 493,
     "Path": "bin/chpasswd",
     "Size": 0,
     "TypeFlag": 49,
     "Uid": 0
    },
    {
     "Gid": 0,
     "Linkname": "bin/[",
     "Mode": 493,
     "Path": "bin/chpst",
     "Size": 0,
     "TypeFlag": 49,
     "Uid": 0
    },
    {
     "Gid": 0,
     "Linkname": "bin/[",
     "Mode": 493,
     "Path": "bin/chroot",
     "Size": 0,
     "TypeFlag": 49,
     "Uid": 0
    },
    {
     "Gid": 0,
     "Linkname": "bin/[",
     "Mode": 493,
     "Path": "bin/chrt",
     "Size": 0,
     "TypeFlag": 49,
     "Uid": 0
    },
    {
     "Gid": 0,
     "Linkname": "bin/[",
     "Mode": 493,
     "Path": "bin/chvt",
     "Size": 0,
     "TypeFlag": 49,
     "Uid": 0
    },
    {
     "Gid": 0,
     "Linkname": "bin/[",
     "Mode": 493,
     "Path": "bin/cksum",
     "Size": 0,
     "TypeFlag": 49,
     "Uid": 0
    },
    {
     "Gid": 0,
     "Linkname": "bin/[",
     "Mode": 493,
     "Path": "bin/clear",
     "Size": 0,
     "TypeFlag": 49,
     "Uid": 0
    },
    {
     "Gid": 0,
     "Linkname": "bin/[",
     "Mode": 493,
     "Path": "bin/cmp",
     "Size": 0,
     "TypeFlag": 49,
     "Uid": 0
    },
    {
     "Gid": 0,
     "Linkname": "bin/[",
     "Mode": 493,
     "Path": "bin/comm",
     "Size": 0,
     "TypeFlag": 49,
     "Uid": 0
    },
    {
     "Gid": 0,
     "Linkname": "bin/[",
     "Mode": 493,
     "Path": "bin/conspy",
     "Size": 0,
     "TypeFlag": 49,
     "Uid": 0
    },
    {
     "Gid": 0,
     "Linkname": "bin/[",
     "Mode": 493,
     "Path": "bin/cp",
     "Size": 0,
     "TypeFlag": 49,
     "Uid": 0
    },
    {
     "Gid": 0,
     "Linkname": "bin/[",
     "Mode": 493,
     "Path": "bin/cpio",
     "Size": 0,
     "TypeFlag": 49,
     "Uid": 0
    },
    {
     "Gid": 0,
     "Linkname": "bin/[",
     "Mode": 493,
     "Path": "bin/crond",
     "Size": 0,
     "TypeFlag": 49,
     "Uid": 0
    },
    {
     "Gid": 0,
     "Linkname": "bin/[",
     "Mode": 493,
     "Path": "bin/crontab",
     "Size": 0,
     "TypeFlag": 49,
     "Uid": 0
    },
    {
     "Gid": 0,
     "Linkname": "bin/[",
     "Mode": 493,
     "Path": "bin/cryptpw",
     "Size": 0,
     "TypeFlag": 49,
     "Uid": 0
    },
    {
     "Gid": 0,
     "Linkname": "bin/[",
     "Mode": 493,
     "Path": "bin/cttyhack",
     "Size": 0,
     "TypeFlag": 49,
     "Uid": 0
    },
    {
     "Gid": 0,
     "Linkname": "bin/[",
     "Mode": 493,
     "Path": "bin/cut",
     "Size": 0,
     "TypeFlag": 49,
     "Uid": 0
    },
    {
     "Gid": 0,
     "Linkname": "bin/[",
     "Mode": 493,
     "Path": "bin/date",
     "Size": 0,
     "TypeFlag": 49,
     "Uid": 0
    },
    {
     "Gid": 0,
     "Linkname": "bin/[",
     "Mode": 493,
     "Path": "bin/dc",
     "Size": 0,
     "TypeFlag": 49,
     "Uid": 0
    },
    {
     "Gid": 0,
     "Linkname": "bin/[",
     "Mode": 493,
     "Path": "bin/dd",
     "Size": 0,
     "TypeFlag": 49,
     "Uid": 0
    },
    {
     "Gid": 0,
     "Linkname": "bin/[",
     "Mode": 493,
     "Path": "bin/deallocvt",
     "Size": 0,
     "TypeFlag": 49,
     "Uid": 0
    },
    {
     "Gid": 0,
     "Linkname": "bin/[",
     "Mode": 493,
     "Path": "bin/delgroup",
     "Size": 0,
     "TypeFlag": 49,
     "Uid": 0
    },
    {
     "Gid": 0,
     "Linkname": "bin/[",
     "Mode": 493,
     "Path": "bin/deluser",
     "Size": 0,
     "TypeFlag": 49,
     "Uid": 0
    },
    {
     "Gid": 0,
     "Linkname": "bin/[",
     "Mode": 493,
     "Path": "bin/depmod",
     "Size": 0,
     "TypeFlag": 49,
     "Uid": 0
    },
    {
     "Gid": 0,
     "Linkname": "bin/[",
     "Mode": 493,
     "Path": "bin/devmem",
     "Size": 0,
     "TypeFlag": 49,
     "Uid": 0
    },
    {
     "Gid": 0,
     "Linkname": "bin/[",
     "Mode": 493,
     "Path": "bin/df",
     "Size": 0,
     "TypeFlag": 49,
     "Uid": 0
    },
    {
     "Gid": 0,
     "Linkname": "bin/[",
     "Mode": 493,
     "Path": "bin/dhcprelay",
     "Size": 0,
     "TypeFlag": 49,
     "Uid": 0
    },
    {
     "Gid": 0,
     "Linkname": "bin/[",
     "Mode": 493,
     "Path": "bin/diff",
     "Size": 0,
     "TypeFlag": 49,
     "Uid": 0
    },
    {
     "Gid": 0,
     "Linkname": "bin/[",
     "Mode": 493,
     "Path": "bin/dirname",
     "Size": 0,
     "TypeFlag": 49,
     "Uid": 0
    },
    {
     "Gid": 0,
     "Linkname": "bin/[",
     "Mode": 493,
     "Path": "bin/dmesg",
     "Size": 0,
     "TypeFlag": 49,
     "Uid": 0
    },
    {
     "Gid": 0,
     "Linkname": "bin/[",
     "Mode": 493,
     "Path": "bin/dnsd",
     "Size": 0,
     "TypeFlag": 49,
     "Uid": 0
    },
    {
     "Gid": 0,
     "Linkname": "bin/[",
     "Mode": 493,
     "Path": "bin/dnsdomainname",
     "Size": 0,
     "TypeFlag": 49,
     "Uid": 0
    },
    {
     "Gid": 0,
     "Linkname": "bin/[",
     "Mode": 493,
     "Path": "bin/dos2unix",
     "Size": 0,
     "TypeFlag": 49,
     "Uid": 0
    },
    {
     "Gid": 0,
     "Linkname": "bin/[",
     "Mode": 493,
     "Path": "bin/dpkg",
     "Size": 0,
     "TypeFlag": 49,
     "Uid": 0
    },
    {
     "Gid": 0,
     "Linkname": "bin/[",
     "Mode": 493,
     "Path": "bin/dpkg-deb",
     "Size": 0,
     "TypeFlag": 49,
     "Uid": 0
    },
    {
     "Gid": 0,
     "Linkname": "bin/[",
     "Mode": 493,
     "Path": "bin/du",
     "Size": 0,
     "TypeFlag": 49,
     "Uid": 0
    },
    {
     "Gid": 0,
     "Linkname": "bin/[",
     "Mode": 493,
     "Path": "bin/dumpkmap",
     "Size": 0,
     "TypeFlag": 49,
     "Uid": 0
    },
    {
     "Gid": 0,
     "Linkname": "bin/[",
     "Mode": 493,
     "Path": "bin/dumpleases",
     "Size": 0,
     "TypeFlag": 49,
     "Uid": 0
    },
    {
     "Gid": 0,
     "Linkname": "bin/[",
     "Mode": 493,
     "Path": "bin/echo",
     "Size": 0,
     "TypeFlag": 49,
     "Uid": 0
    },
    {
     "Gid": 0,
     "Linkname": "bin/[",
     "Mode": 493,
     "Path": "bin/ed",
     "Size": 0,
     "TypeFlag": 49,
     "Uid": 0
    },
    {
     "Gid": 0,
     "Linkname": "bin/[",
     "Mode": 493,
     "Path": "bin/egrep",
     "Size": 0,
     "TypeFlag": 49,
     "Uid": 0
    },
    {
     "Gid": 0,
     "Linkname": "bin/[",
     "Mode": 493,
     "Path": "bin/eject",
     "Size": 0,
     "TypeFlag": 49,
     "Uid": 0
    },
    {
     "Gid": 0,
     "Linkname": "bin/[",
     "Mode": 493,
     "Path": "bin/env",
     "Size": 0,
     "TypeFlag": 49,
     "Uid": 0
    },
    {
     "Gid": 0,
     "Linkname": "bin/[",
     "Mode": 493,
     "Path": "bin/envdir",
     "Size": 0,
     "TypeFlag": 49,
     "Uid": 0
    },
    {
     "Gid": 0,
     "Linkname": "bin/[",
     "Mode": 493,
     "Path": "bin/envuidgid",
     "Size": 0,
     "TypeFlag": 49,
     "Uid": 0
    },
    {
     "Gid": 0,
     "Linkname": "bin/[",
     "Mode": 493,
     "Path": "bin/ether-wake",
     "Size": 0,
     "TypeFlag": 49,
     "Uid": 0
    },
    {
     "Gid": 0,
     "Linkname": "bin/[",
     "Mode": 493,
     "Path": "bin/expand",
     "Size": 0,
     "TypeFlag": 49,
     "Uid": 0
    },
    {
     "Gid": 0,
     "Linkname": "bin/[",
     "Mode": 493,
     "Path": "bin/expr",
     "Size": 0,
     "TypeFlag": 49,
     "Uid": 0
    },
    {
     "Gid": 0,
     "Linkname": "bin/[",
     "Mode": 493,
     "Path": "bin/factor",
     "Size": 0,
     "TypeFlag": 49,
     "Uid": 0
    },
    {
     "Gid": 0,
     "Linkname": "bin/[",
     "Mode": 493,
     "Path": "bin/fakeidentd",
     "Size": 0,
     "TypeFlag": 49,
     "Uid": 0
    },
    {
     "Gid": 0,
     "Linkname": "bin/[",
     "Mode": 493,
     "Path": "bin/fallocate",
     "Size": 0,
     "TypeFlag": 49,
     "Uid": 0
    },
    {
     "Gid": 0,
     "Linkname": "bin/[",
     "Mode": 493,
     "Path": "bin/false",
     "Size": 0,
     "TypeFlag": 49,
     "Uid": 0
    },
    {
     "Gid": 0,
     "Linkname": "bin/[",
     "Mode": 493,
     "Path": "bin/fatattr",
     "Size": 0,
     "TypeFlag": 49,
     "Uid": 0
    },
    {
     "Gid": 0,
     "Linkname": "bin/[",
     "Mode": 493,
     "Path": "bin/fbset",
     "Size": 0,
     "TypeFlag": 49,
     "Uid": 0
    },
    {
     "Gid": 0,
     "Linkname": "bin/[",
     "Mode": 493,
     "Path": "bin/fbsplash",
     "Size": 0,
     "TypeFlag": 49,
     "Uid": 0
    },
    {
     "Gid": 0,
     "Linkname": "bin/[",
     "Mode": 493,
     "Path": "bin/fdflush",
     "Size": 0,
     "TypeFlag": 49,
     "Uid": 0
    },
    {
     "Gid": 0,
     "Linkname": "bin/[",
     "Mode": 493,
     "Path": "bin/fdformat",
     "Size": 0,
     "TypeFlag": 49,
     "Uid": 0
    },
    {
     "Gid": 0,
     "Linkname": "bin/[",
     "Mode": 493,
     "Path": "bin/fdisk",
     "Size": 0,
     "TypeFlag": 49,
     "Uid": 0
    },
    {
     "Gid": 0,
     "Linkname": "bin/[",
     "Mode": 493,
     "Path": "bin/fgconsole",
     "Size": 0,
     "TypeFlag": 49,
     "Uid": 0
    },
    {
     "Gid": 0,
     "Linkname": "bin/[",
     "Mode": 493,
     "Path": "bin/fgrep",
     "Size": 0,
     "TypeFlag": 49,
     "Uid": 0
    },
    {
     "Gid": 0,
     "Linkname": "bin/[",
     "Mode": 493,
     "Path": "bin/find",
     "Size": 0,
     "TypeFlag": 49,
     "Uid": 0
    },
    {
     "Gid": 0,
     "Linkname": "bin/[",
     "Mode": 493,
     "Path": "bin/findfs",
     "Size": 0,
     "TypeFlag": 49,
     "Uid": 0
    },
    {
     "Gid": 0,
     "Linkname": "bin/[",
     "Mode": 493,
     "Path": "bin/flock",
     "Size": 0,
     "TypeFlag": 49,
     "Uid": 0
    },
    {
     "Gid": 0,
     "Linkname": "bin/[",
     "Mode": 493,
     "Path": "bin/fold",
     "Size": 0,
     "TypeFlag": 49,
     "Uid": 0
    },
    {
     "Gid": 0,
     "Linkname": "bin/[",
     "Mode": 493,
     "Path": "bin/free",
     "Size": 0,
     "TypeFlag": 49,
     "Uid": 0
    },
    {
     "Gid": 0,
     "Linkname": "bin/[",
     "Mode": 493,
     "Path": "bin/freeramdisk",
     "Size": 0,
     "TypeFlag": 49,
     "Uid": 0
    },
    {
     "Gid": 0,
     "Linkname": "bin/[",
     "Mode": 493,
     "Path": "bin/fsck",
     "Size": 0,
     "TypeFlag": 49,
     "Uid": 0
    },
    {
     "Gid": 0,
     "Linkname": "bin/[",
     "Mode": 493,
     "Path": "bin/fsck.minix",
     "Size": 0,
     "TypeFlag": 49,
     "Uid": 0
    },
    {
     "Gid": 0,
     "Linkname": "bin/[",
     "Mode": 493,
     "Path": "bin/fsfreeze",
     "Size": 0,
     "TypeFlag": 49,
     "Uid": 0
    },
    {
     "Gid": 0,
     "Linkname": "bin/[",
     "Mode": 493,
     "Path": "bin/fstrim",
     "Size": 0,
     "TypeFlag": 49,
     "Uid": 0
    },
    {
     "Gid": 0,
     "Linkname": "bin/[",
     "Mode": 493,
     "Path": "bin/fsync",
     "Size": 0,
     "TypeFlag": 49,
     "Uid": 0
    },
    {
     "Gid": 0,
     "Linkname": "bin/[",
     "Mode": 493,
     "Path": "bin/ftpd",
     "Size": 0,
     "TypeFlag": 49,
     "Uid": 0
    },
    {
     "Gid": 0,
     "Linkname": "bin/[",
     "Mode": 493,
     "Path": "bin/ftpget",
     "Size": 0,
     "TypeFlag": 49,
     "Uid": 0
    },
    {
     "Gid": 0,
     "Linkname": "bin/[",
     "Mode": 493,
     "Path": "bin/ftpput",
     "Size": 0,
     "TypeFlag": 49,
     "Uid": 0
    },
    {
     "Gid": 0,
     "Linkname": "bin/[",
     "Mode": 493,
     "Path": "bin/fuser",
     "Size": 0,
     "TypeFlag": 49,
     "Uid": 0
    },
    {
     "Gid": 0,
     "Linkname": "",
     "Mode": 493,
     "Path": "bin/getconf",
     "Size": 77880,
     "TypeFlag": 48,
     "Uid": 0
    },
    {
     "Gid": 0,
     "Linkname": "bin/[",
     "Mode": 493,
     "Path": "bin/getopt",
     "Size": 0,
     "TypeFlag": 49,
     "Uid": 0
    },
    {
     "Gid": 0,
     "Linkname": "bin/[",
     "Mode": 493,
     "Path": "bin/getty",
     "Size": 0,
     "TypeFlag": 49,
     "Uid": 0
    },
    {
     "Gid": 0,
     "Linkname": "bin/[",
     "Mode": 493,
     "Path": "bin/grep",
     "Size": 0,
     "TypeFlag": 49,
     "Uid": 0
    },
    {
     "Gid": 0,
     "Linkname": "bin/[",
     "Mode": 493,
     "Path": "bin/groups",
     "Size": 0,
     "TypeFlag": 49,
     "Uid": 0
    },
    {
     "Gid": 0,
     "Linkname": "bin/[",
     "Mode": 493,
     "Path": "bin/gunzip",
     "Size": 0,
     "TypeFlag": 49,
     "Uid": 0
    },
    {
     "Gid": 0,
     "Linkname": "bin/[",
     "Mode": 493,
     "Path": "bin/gzip",
     "Size": 0,
     "TypeFlag": 49,
     "Uid": 0
    },
    {
     "Gid": 0,
     "Linkname": "bin/[",
     "Mode": 493,
     "Path": "bin/halt",
     "Size": 0,
     "TypeFlag": 49,
     "Uid": 0
    },
    {
     "Gid": 0,
     "Linkname": "bin/[",
     "Mode": 493,
     "Path": "bin/hd",
     "Size": 0,
     "TypeFlag": 49,
     "Uid": 0
    },
    {
     "Gid": 0,
     "Linkname": "bin/[",
     "Mode": 493,
     "Path": "bin/hdparm",
     "Size": 0,
     "TypeFlag": 49,
     "Uid": 0
    },
    {
     "Gid": 0,
     "Linkname": "bin/[",
     "Mode": 493,
     "Path": "bin/head",
     "Size": 0,
     "TypeFlag": 49,
     "Uid": 0
    },
    {
     "Gid": 0,
     "Linkname": "bin/[",
     "Mode": 493,
     "Path": "bin/hexdump",
     "Size": 0,
     "TypeFlag": 49,
     "Uid": 0
    },
    {
     "Gid": 0,
     "Linkname": "bin/[",
     "Mode": 493,
     "Path": "bin/hexedit",
     "Size": 0,
     "TypeFlag": 49,
     "Uid": 0
    },
    {
     "Gid": 0,
     "Linkname": "bin/[",
     "Mode": 493,
     "Path": "bin/hostid",
     "Size": 0,
     "TypeFlag": 49,
     "Uid": 0
    },
    {
     "Gid": 0,
     "Linkname": "bin/[",
     "Mode": 493,
     "Path": "bin/hostname",
     "Size": 0,
     "TypeFlag": 49,
     "Uid": 0
    },
    {
     "Gid": 0,
     "Linkname": "bin/[",
     "Mode": 493,
     "Path": "bin/httpd",
     "Size": 0,
     "TypeFlag": 49,
     "Uid": 0
    },
    {
     "Gid": 0,
     "Linkname": "bin/[",
     "Mode": 493,
     "Path": "bin/hush",
     "Size": 0,
     "TypeFlag": 49,
     "Uid": 0
    },
    {
     "Gid": 0,
     "Linkname": "bin/[",
     "Mode": 493,
     "Path": "bin/hwclock",
     "Size": 0,
     "TypeFlag": 49,
     "Uid": 0
    },
    {
     "Gid": 0,
     "Linkname": "bin/[",
     "Mode": 493,
     "Path": "bin/i2cdetect",
     "Size": 0,
     "TypeFlag": 49,
     "Uid": 0
    },
    {
     "Gid": 0,
     "Linkname": "bin/[",
     "Mode": 493,
     "Path": "bin/i2cdump",
     "Size": 0,
     "TypeFlag": 49,
     "Uid": 0
    },
    {
     "Gid": 0,
     "Linkname": "bin/[",
     "Mode": 493,
     "Path": "bin/i2cget",
     "Size": 0,
     "TypeFlag": 49,
     "Uid": 0
    },
    {
     "Gid": 0,
     "Linkname": "bin/[",
     "Mode": 493,
     "Path": "bin/i2cset",
     "Size": 0,
     "TypeFlag": 49,
     "Uid": 0
    },
    {
     "Gid": 0,
     "Linkname": "bin/[",
     "Mode": 493,
     "Path": "bin/id",
     "Size": 0,
     "TypeFlag": 49,
     "Uid": 0
    },
    {
     "Gid": 0,
     "Linkname": "bin/[",
     "Mode": 493,
     "Path": "bin/ifconfig",
     "Size": 0,
     "TypeFlag": 49,
     "Uid": 0
    },
    {
     "Gid": 0,
     "Linkname": "bin/[",
     "Mode": 493,
     "Path": "bin/ifdown",
     "Size": 0,
     "TypeFlag": 49,
     "Uid": 0
    },
    {
     "Gid": 0,
     "Linkname": "bin/[",
     "Mode": 493,
     "Path": "bin/ifenslave",
     "Size": 0,
     "TypeFlag": 49,
     "Uid": 0
    },
    {
     "Gid": 0,
     "Linkname": "bin/[",
     "Mode": 493,
     "Path": "bin/ifplugd",
     "Size": 0,
     "TypeFlag": 49,
     "Uid": 0
    },
    {
     "Gid": 0,
     "Linkname": "bin/[",
     "Mode": 493,
     "Path": "bin/ifup",
     "Size": 0,
     "TypeFlag": 49,
     "Uid": 0
    },
    {
     "Gid": 0,
     "Linkname": "bin/[",
     "Mode": 493,
     "Path": "bin/inetd",
     "Size": 0,
     "TypeFlag": 49,
     "Uid": 0
    },
    {
     "Gid": 0,
     "Linkname": "bin/[",
     "Mode": 493,
     "Path": "bin/init",
     "Size": 0,
     "TypeFlag": 49,
     "Uid": 0
    },
    {
     "Gid": 0,
     "Linkname": "bin/[",
     "Mode": 493,
     "Path": "bin/insmod",
     "Size": 0,
     "TypeFlag": 49,
     "Uid": 0
    },
    {
     "Gid": 0,
     "Linkname": "bin/[",
     "Mode": 493,
     "Path": "bin/install",
     "Size": 0,
     "TypeFlag": 49,
     "Uid": 0
    },
    {
     "Gid": 0,
     "Linkname": "bin/[",
     "Mode": 493,
     "Path": "bin/ionice",
     "Size": 0,
     "TypeFlag": 49,
     "Uid": 0
    },
    {
     "Gid": 0,
     "Linkname": "bin/[",
     "Mode": 493,
     "Path": "bin/iostat",
     "Size": 0,
     "TypeFlag": 49,
     "Uid": 0
    },
    {
     "Gid": 0,
     "Linkname": "bin/[",
     "Mode": 493,
     "Path": "bin/ip",
     "Size": 0,
     "TypeFlag": 49,
     "Uid": 0
    },
    {
     "Gid": 0,
     "Linkname": "bin/[",
     "Mode": 493,
     "Path": "bin/ipaddr",
     "Size": 0,
     "TypeFlag": 49,
     "Uid": 0
    },
    {
     "Gid": 0,
     "Linkname": "bin/[",
     "Mode": 493,
     "Path": "bin/ipcalc",
     "Size": 0,
     "TypeFlag": 49,
     "Uid": 0
    },
    {
     "Gid": 0,
     "Linkname": "bin/[",
     "Mode": 493,
     "Path": "bin/ipcrm",
     "Size": 0,
     "TypeFlag": 49,
     "Uid": 0
    },
    {
     "Gid": 0,
     "Linkname": "bin/[",
     "Mode": 493,
     "Path": "bin/ipcs",
     "Size": 0,
     "TypeFlag": 49,
     "Uid": 0
    },
    {
     "Gid": 0,
     "Linkname": "bin/[",
     "Mode": 493,
     "Path": "bin/iplink",
     "Size": 0,
     "TypeFlag": 49,
     "Uid": 0
    },
    {
     "Gid": 0,
     "Linkname": "bin/[",
     "Mode": 493,
     "Path": "bin/ipneigh",
     "Size": 0,
     "TypeFlag": 49,
     "Uid": 0
    },
    {
     "Gid": 0,
     "Linkname": "bin/[",
     "Mode": 493,
     "Path": "bin/iproute",
     "Size": 0,
     "TypeFlag": 49,
     "Uid": 0
    },
    {
     "Gid": 0,
     "Linkname": "bin/[",
     "Mode": 493,
     "Path": "bin/iprule",
     "Size": 0,
     "TypeFlag": 49,
     "Uid": 0
    },
    {
     "Gid": 0,
     "Linkname": "bin/[",
     "Mode": 493,
     "Path": "bin/iptunnel",
     "Size": 0,
     "TypeFlag": 49,
     "Uid": 0
    },
    {
     "Gid": 0,
     "Linkname": "bin/[",
     "Mode": 493,
     "Path": "bin/kbd_mode",
     "Size": 0,
     "TypeFlag": 49,
     "Uid": 0
    },
    {
     "Gid": 0,
     "Linkname": "bin/[",
     "Mode": 493,
     "Path": "bin/kill",
     "Size": 0,
     "TypeFlag": 49,
     "Uid": 0
    },
    {
     "Gid": 0,
     "Linkname": "bin/[",
     "Mode": 493,
     "Path": "bin/killall",
     "Size": 0,
     "TypeFlag": 49,
     "Uid": 0
    },
    {
     "Gid": 0,
     "Linkname": "bin/[",
     "Mode": 493,
     "Path": "bin/killall5",
     "Size": 0,
     "TypeFlag": 49,
     "Uid": 0
    },
    {
     "Gid": 0,
     "Linkname": "bin/[",
     "Mode": 493,
     "Path": "bin/klogd",
     "Size": 0,
     "TypeFlag": 49,
     "Uid": 0
    },
    {
     "Gid": 0,
     "Linkname": "bin/[",
     "Mode": 493,
     "Path": "bin/last",
     "Size": 0,
     "TypeFlag": 49,
     "Uid": 0
    },
    {
     "Gid": 0,
     "Linkname": "bin/[",
     "Mode": 493,
     "Path": "bin/less",
     "Size": 0,
     "TypeFlag": 49,
     "Uid": 0
    },
    {
     "Gid": 0,
     "Linkname": "bin/[",
     "Mode": 493,
     "Path": "bin/link",
     "Size": 0,
     "TypeFlag": 49,
     "Uid": 0
    },
    {
     "Gid": 0,
     "Linkname": "bin/[",
     "Mode": 493,
     "Path": "bin/linux32",
     "Size": 0,
     "TypeFlag": 49,
     "Uid": 0
    },
    {
     "Gid": 0,
     "Linkname": "bin/[",
     "Mode": 493,
     "Path": "bin/linux64",
     "Size": 0,
     "TypeFlag": 49,
     "Uid": 0
    },
    {
     "Gid": 0,
     "Linkname": "bin/[",
     "Mode": 493,
     "Path": "bin/linuxrc",
     "Size": 0,
     "TypeFlag": 49,
     "Uid": 0
    },
    {
     "Gid": 0,
     "Linkname": "bin/[",
     "Mode": 493,
     "Path": "bin/ln",
     "Size": 0,
     "TypeFlag": 49,
     "Uid": 0
    },
    {
     "Gid": 0,
     "Linkname": "bin/[",
     "Mode": 493,
     "Path": "bin/loadfont",
     "Size": 0,
     "TypeFlag": 49,
     "Uid": 0
    },
    {
     "Gid": 0,
     "Linkname": "bin/[",
     "Mode": 493,
     "Path": "bin/loadkmap",
     "Size": 0,
     "TypeFlag": 49,
     "Uid": 0
    },
    {
     "Gid": 0,
     "Linkname": "bin/[",
     "Mode": 493,
     "Path": "bin/logger",
     "Size": 0,
     "TypeFlag": 49,
     "Uid": 0
    },
    {
     "Gid": 0,
     "Linkname": "bin/[",
     "Mode": 493,
     "Path": "bin/login",
     "Size": 0,
     "TypeFlag": 49,
     "Uid": 0
    },
    {
     "Gid": 0,
     "Linkname": "bin/[",
     "Mode": 493,
     "Path": "bin/logname",
     "Size": 0,
     "TypeFlag": 49,
     "Uid": 0
    },
    {
     "Gid": 0,
     "Linkname": "bin/[",
     "Mode": 493,
     "Path": "bin/logread",
     "Size": 0,
     "TypeFlag": 49,
     "Uid": 0
    },
    {
     "Gid": 0,
     "Linkname": "bin/[",
     "Mode": 493,
     "Path": "bin/losetup",
     "Size": 0,
     "TypeFlag": 49,
     "Uid": 0
    },
    {
     "Gid": 0,
     "Linkname": "bin/[",
     "Mode": 493,
     "Path": "bin/lpd",
     "Size": 0,
     "TypeFlag": 49,
     "Uid": 0
    },
    {
     "Gid": 0,
     "Linkname": "bin/[",
     "Mode": 493,
     "Path": "bin/lpq",
     "Size": 0,
     "TypeFlag": 49,
     "Uid": 0
    },
    {
     "Gid": 0,
     "Linkname": "bin/[",
     "Mode": 493,
     "Path": "bin/lpr",
     "Size": 0,
     "TypeFlag": 49,
     "Uid": 0
    },
    {
     "Gid": 0,
     "Linkname": "bin/[",
     "Mode": 493,
     "Path": "bin/ls",
     "Size": 0,
     "TypeFlag": 49,
     "Uid": 0
    },
    {
     "Gid": 0,
     "Linkname": "bin/[",
     "Mode": 493,
     "Path": "bin/lsattr",
     "Size": 0,
     "TypeFlag": 49,
     "Uid": 0
    },
    {
     "Gid": 0,
     "Linkname": "bin/[",
     "Mode": 493,
     "Path": "bin/lsmod",
     "Size": 0,
     "TypeFlag": 49,
     "Uid": 0
    },
    {
     "Gid": 0,
     "Linkname": "bin/[",
     "Mode": 493,
     "Path": "bin/lsof",
     "Size": 0,
     "TypeFlag": 49,
     "Uid": 0
    },
    {
     "Gid": 0,
     "Linkname": "bin/[",
     "Mode": 493,
     "Path": "bin/lspci",
     "Size": 0,
     "TypeFlag": 49,
     "Uid": 0
    },
    {
     "Gid": 0,
     "Linkname": "bin/[",
     "Mode": 493,
     "Path": "bin/lsscsi",
     "Size": 0,
     "TypeFlag": 49,
     "Uid": 0
    },
    {
     "Gid": 0,
     "Linkname": "bin/[",
     "Mode": 493,
     "Path": "bin/lsusb",
     "Size": 0,
     "TypeFlag": 49,
     "Uid": 0
    },
    {
     "Gid": 0,
     "Linkname": "bin/[",
     "Mode": 493,
     "Path": "bin/lzcat",
     "Size": 0,
     "TypeFlag": 49,
     "Uid": 0
    },
    {
     "Gid": 0,
     "Linkname": "bin/[",
     "Mode": 493,
     "Path": "bin/lzma",
     "Size": 0,
     "TypeFlag": 49,
     "Uid": 0
    },
    {
     "Gid": 0,
     "Linkname": "bin/[",
     "Mode": 493,
     "Path": "bin/lzop",
     "Size": 0,
     "TypeFlag": 49,
     "Uid": 0
    },
    {
     "Gid": 0,
     "Linkname": "bin/[",
     "Mode": 493,
     "Path": "bin/makedevs",
     "Size": 0,
     "TypeFlag": 49,
     "Uid": 0
    },
    {
     "Gid": 0,
     "Linkname": "bin/[",
     "Mode": 493,
     "Path": "bin/makemime",
     "Size": 0,
     "TypeFlag": 49,
     "Uid": 0
    },
    {
     "Gid": 0,
     "Linkname": "bin/[",
     "Mode": 493,
     "Path": "bin/man",
     "Size": 0,
     "TypeFlag": 49,
     "Uid": 0
    },
    {
     "Gid": 0,
     "Linkname": "bin/[",
     "Mode": 493,
     "Path": "bin/md5sum",
     "Size": 0,
     "TypeFlag": 49,
     "Uid": 0
    },
    {
     "Gid": 0,
     "Linkname": "bin/[",
     "Mode": 493,
     "Path": "bin/mdev",
     "Size": 0,
     "TypeFlag": 49,
     "Uid": 0
    },
    {
     "Gid": 0,
     "Linkname": "bin/[",
     "Mode": 493,
     "Path": "bin/mesg",
     "Size": 0,
     "TypeFlag": 49,
     "Uid": 0
    },
    {
     "Gid": 0,
     "Linkname": "bin/[",
     "Mode": 493,
     "Path": "bin/microcom",
     "Size": 0,
     "TypeFlag": 49,
     "Uid": 0
    },
    {
     "Gid": 0,
     "Linkname": "bin/[",
     "Mode": 493,
     "Path": "bin/mkdir",
     "Size": 0,
     "TypeFlag": 49,
     "Uid": 0
    },
    {
     "Gid": 0,
     "Linkname": "bin/[",
     "Mode": 493,
     "Path": "bin/mkdosfs",
     "Size": 0,
     "TypeFlag": 49,
     "Uid": 0
    },
    {
     "Gid": 0,
     "Linkname": "bin/[",
     "Mode": 493,
     "Path": "bin/mke2fs",
     "Size": 0,
     "TypeFlag": 49,
     "Uid": 0
    },
    {
     "Gid": 0,
     "Linkname": "bin/[",
     "Mode": 493,
     "Path": "bin/mkfifo",
     "Size": 0,
     "TypeFlag": 49,
     "Uid": 0
    },
    {
     "Gid": 0,
     "Linkname": "bin/[",
     "Mode": 493,
     "Path": "bin/mkfs.ext2",
     "Size": 0,
     "TypeFlag": 49,
     "Uid": 0
    },
    {
     "Gid": 0,
     "Linkname": "bin/[",
     "Mode": 493,
     "Path": "bin/mkfs.minix",
     "Size": 0,
     "TypeFlag": 49,
     "Uid": 0
    },
    {
     "Gid": 0,
     "Linkname": "bin/[",
     "Mode": 493,
     "Path": "bin/mkfs.vfat",
     "Size": 0,
     "TypeFlag": 49,
     "Uid": 0
    },
    {
     "Gid": 0,
     "Linkname": "bin/[",
     "Mode": 493,
     "Path": "bin/mknod",
     "Size": 0,
     "TypeFlag": 49,
     "Uid": 0
    },
    {
     "Gid": 0,
     "Linkname": "bin/[",
     "Mode": 493,
     "Path": "bin/mkpasswd",
     "Size": 0,
     "TypeFlag": 49,
     "Uid": 0
    },
    {
     "Gid": 0,
     "Linkname": "bin/[",
     "Mode": 493,
     "Path": "bin/mkswap",
     "Size": 0,
     "TypeFlag": 49,
     "Uid": 0
    },
    {
     "Gid": 0,
     "Linkname": "bin/[",
     "Mode": 493,
     "Path": "bin/mktemp",
     "Size": 0,
     "TypeFlag": 49,
     "Uid": 0
    },
    {
     "Gid": 0,
     "Linkname": "bin/[",
     "Mode": 493,
     "Path": "bin/modinfo",
     "Size": 0,
     "TypeFlag": 49,
     "Uid": 0
    },
    {
     "Gid": 0,
     "Linkname": "bin/[",
     "Mode": 493,
     "Path": "bin/modprobe",
     "Size": 0,
     "TypeFlag": 49,
     "Uid": 0
    },
    {
     "Gid": 0,
     "Linkname": "bin/[",
     "Mode": 493,
     "Path": "bin/more",
     "Size": 0,
     "TypeFlag": 49,
     "Uid": 0
    },
    {
     "Gid": 0,
     "Linkname": "bin/[",
     "Mode": 493,
     "Path": "bin/mount",
     "Size": 0,
     "TypeFlag": 49,
     "Uid": 0
    },
    {
     "Gid": 0,
     "Linkname": "bin/[",
     "Mode": 493,
     "Path": "bin/mountpoint",
     "Size": 0,
     "TypeFlag": 49,
     "Uid": 0
    },
    {
     "Gid": 0,
     "Linkname": "bin/[",
     "Mode": 493,
     "Path": "bin/mpstat",
     "Size": 0,
     "TypeFlag": 49,
     "Uid": 0
    },
    {
     "Gid": 0,
     "Linkname": "bin/[",
     "Mode": 493,
     "Path": "bin/mt",
     "Size": 0,
     "TypeFlag": 49,
     "Uid": 0
    },
    {
     "Gid": 0,
     "Linkname": "bin/[",
     "Mode": 493,
     "Path": "bin/mv",
     "Size": 0,
     "TypeFlag": 49,
     "Uid": 0
    },
    {
     "Gid": 0,
     "Linkname": "bin/[",
     "Mode": 493,
     "Path": "bin/nameif",
     "Size": 0,
     "TypeFlag": 49,
     "Uid": 0
    },
    {
     "Gid": 0,
     "Linkname": "bin/[",
     "Mode": 493,
     "Path": "bin/nanddump",
     "Size": 0,
     "TypeFlag": 49,
     "Uid": 0
    },
    {
     "Gid": 0,
     "Linkname": "bin/[",
     "Mode": 493,
     "Path": "bin/nandwrite",
     "Size": 0,
     "TypeFlag": 49,
     "Uid": 0
    },
    {
     "Gid": 0,
     "Linkname": "bin/[",
     "Mode": 493,
     "Path": "bin/nbd-client",
     "Size": 0,
     "TypeFlag": 49,
     "Uid": 0
    },
    {
     "Gid": 0,
     "Linkname": "bin/[",
     "Mode": 493,
     "Path": "bin/nc",
     "Size": 0,
     "TypeFlag": 49,
     "Uid": 0
    },
    {
     "Gid": 0,
     "Linkname": "bin/[",
     "Mode": 493,
     "Path": "bin/netstat",
     "Size": 0,
     "TypeFlag": 49,
     "Uid": 0
    },
    {
     "Gid": 0,
     "Linkname": "bin/[",
     "Mode": 493,
     "Path": "bin/nice",
     "Size": 0,
     "TypeFlag": 49,
     "Uid": 0
    },
    {
     "Gid": 0,
     "Linkname": "bin/[",
     "Mode": 493,
     "Path": "bin/nl",
     "Size": 0,
     "TypeFlag": 49,
     "Uid": 0
    },
    {
     "Gid": 0,
     "Linkname": "bin/[",
     "Mode": 493,
     "Path": "bin/nmeter",
     "Size": 0,
     "TypeFlag": 49,
     "Uid": 0
    },
    {
     "Gid": 0,
     "Linkname": "bin/[",
     "Mode": 493,
     "Path": "bin/nohup",
     "Size": 0,
     "TypeFlag": 49,
     "Uid": 0
    },
    {
     "Gid": 0,
     "Linkname": "bin/[",
     "Mode": 493,
     "Path": "bin/nproc",
     "Size": 0,
     "TypeFlag": 49,
     "Uid": 0
    },
    {
     "Gid": 0,
     "Linkname": "bin/[",
     "Mode": 493,
     "Path": "bin/nsenter",
     "Size": 0,
     "TypeFlag": 49,
     "Uid": 0
    },
    {
     "Gid": 0,
     "Linkname": "bin/[",
     "Mode": 493,
     "Path": "bin/nslookup",
     "Size": 0,
     "TypeFlag": 49,
     "Uid": 0
    },
    {
     "Gid": 0,
     "Linkname": "bin/[",
     "Mode": 493,
     "Path": "bin/ntpd",
     "Size": 0,
     "TypeFlag": 49,
     "Uid": 0
    },
    {
     "Gid": 0,
     "Linkname": "bin/[",
     "Mode": 493,
     "Path": "bin/nuke",
     "Size": 0,
     "TypeFlag": 49,
     "Uid": 0
    },
    {
     "Gid": 0,
     "Linkname": "bin/[",
     "Mode": 493,
     "Path": "bin/od",
     "Size": 0,
     "TypeFlag": 49,
     "Uid": 0
    },
    {
     "Gid": 0,
     "Linkname": "bin/[",
     "Mode": 493,
     "Path": "bin/openvt",
     "Size": 0,
     "TypeFlag": 49,
     "Uid": 0
    },
    {
     "Gid": 0,
     "Linkname": "bin/[",
     "Mode": 493,
     "Path": "bin/partprobe",
     "Size": 0,
     "TypeFlag": 49,
     "Uid": 0
    },
    {
     "Gid": 0,
     "Linkname": "bin/[",
     "Mode": 493,
     "Path": "bin/passwd",
     "Size": 0,
     "TypeFlag": 49,
     "Uid": 0
    },
    {
     "Gid": 0,
     "Linkname": "bin/[",
     "Mode": 493,
     "Path": "bin/paste",
     "Size": 0,
     "TypeFlag": 49,
     "Uid": 0
    },
    {
     "Gid": 0,
     "Linkname": "bin/[",
     "Mode": 493,
     "Path": "bin/patch",
     "Size": 0,
     "TypeFlag": 49,
     "Uid": 0
    },
    {
     "Gid": 0,
     "Linkname": "bin/[",
     "Mode": 493,
     "Path": "bin/pgrep",
     "Size": 0,
     "TypeFlag": 49,
     "Uid": 0
    },
    {
     "Gid": 0,
     "Linkname": "bin/[",
     "Mode": 493,
     "Path": "bin/pidof",
     "Size": 0,
     "TypeFlag": 49,
     "Uid": 0
    },
    {
     "Gid": 0,
     "Linkname": "bin/[",
     "Mode": 493,
     "Path": "bin/ping",
     "Size": 0,
     "TypeFlag": 49,
     "Uid": 0
    },
    {
     "Gid": 0,
     "Linkname": "bin/[",
     "Mode": 493,
     "Path": "bin/ping6",
     "Size": 0,
     "TypeFlag": 49,
     "Uid": 0
    },
    {
     "Gid": 0,
     "Linkname": "bin/[",
     "Mode": 493,
     "Path": "bin/pipe_progress",
     "Size": 0,
     "TypeFlag": 49,
     "Uid": 0
    },
    {
     "Gid": 0,
     "Linkname": "bin/[",
     "Mode": 493,
     "Path": "bin/pivot_root",
     "Size": 0,
     "TypeFlag": 49,
     "Uid": 0
    },
    {
     "Gid": 0,
     "Linkname": "bin/[",
     "Mode": 493,
     "Path": "bin/pkill",
     "Size": 0,
     "TypeFlag": 49,
     "Uid": 0
    },
    {
     "Gid": 0,
     "Linkname": "bin/[",
     "Mode": 493,
     "Path": "bin/pmap",
     "Size": 0,
     "TypeFlag": 49,
     "Uid": 0
    },
    {
     "Gid": 0,
     "Linkname": "bin/[",
     "Mode": 493,
     "Path": "bin/popmaildir",
     "Size": 0,
     "TypeFlag": 49,
     "Uid": 0
    },
    {
     "Gid": 0,
     "Linkname": "bin/[",
     "Mode": 493,
     "Path": "bin/poweroff",
     "Size": 0,
     "TypeFlag": 49,
     "Uid": 0
    },
    {
     "Gid": 0,
     "Linkname": "bin/[",
     "Mode": 493,
     "Path": "bin/powertop",
     "Size": 0,
     "TypeFlag": 49,
     "Uid": 0
    },
    {
     "Gid": 0,
     "Linkname": "bin/[",
     "Mode": 493,
     "Path": "bin/printenv",
     "Size": 0,
     "TypeFlag": 49,
     "Uid": 0
    },
    {
     "Gid": 0,
     "Linkname": "bin/[",
     "Mode": 493,
     "Path": "bin/printf",
     "Size": 0,
     "TypeFlag": 49,
     "Uid": 0
    },
    {
     "Gid": 0,
     "Linkname": "bin/[",
     "Mode": 493,
     "Path": "bin/ps",
     "Size": 0,
     "TypeFlag": 49,
     "Uid": 0
    },
    {
     "Gid": 0,
     "Linkname": "bin/[",
     "Mode": 493,
     "Path": "bin/pscan",
     "Size": 0,
     "TypeFlag": 49,
     "Uid": 0
    },
    {
     "Gid": 0,
     "Linkname": "bin/[",
     "Mode": 493,
     "Path": "bin/pstree",
     "Size": 0,
     "TypeFlag": 49,
     "Uid": 0
    },
    {
     "Gid": 0,
     "Linkname": "bin/[",
     "Mode": 493,
     "Path": "bin/pwd",
     "Size": 0,
     "TypeFlag": 49,
     "Uid": 0
    },
    {
     "Gid": 0,
     "Linkname": "bin/[",
     "Mode": 493,
     "Path": "bin/pwdx",
     "Size": 0,
     "TypeFlag": 49,
     "Uid": 0
    },
    {
     "Gid": 0,
     "Linkname": "bin/[",
     "Mode": 493,
     "Path": "bin/raidautorun",
     "Size": 0,
     "TypeFlag": 49,
     "Uid": 0
    },
    {
     "Gid": 0,
     "Linkname": "bin/[",
     "Mode": 493,
     "Path": "bin/rdate",
     "Size": 0,
     "TypeFlag": 49,
     "Uid": 0
    },
    {
     "Gid": 0,
     "Linkname": "bin/[",
     "Mode": 493,
     "Path": "bin/rdev",
     "Size": 0,
     "TypeFlag": 49,
     "Uid": 0
    },
    {
     "Gid": 0,
     "Linkname": "bin/[",
     "Mode": 493,
     "Path": "bin/readahead",
     "Size": 0,
     "TypeFlag": 49,
     "Uid": 0
    },
    {
     "Gid": 0,
     "Linkname": "bin/[",
     "Mode": 493,
     "Path": "bin/readlink",
     "Size": 0,
     "TypeFlag": 49,
     "Uid": 0
    },
    {
     "Gid": 0,
     "Linkname": "bin/[",
     "Mode": 493,
     "Path": "bin/readprofile",
     "Size": 0,
     "TypeFlag": 49,
     "Uid": 0
    },
    {
     "Gid": 0,
     "Linkname": "bin/[",
     "Mode": 493,
     "Path": "bin/realpath",
     "Size": 0,
     "TypeFlag": 49,
     "Uid": 0
    },
    {
     "Gid": 0,
     "Linkname": "bin/[",
     "Mode": 493,
     "Path": "bin/reboot",
     "Size": 0,
     "TypeFlag": 49,
     "Uid": 0
    },
    {
     "Gid": 0,
     "Linkname": "bin/[",
     "Mode": 493,
     "Path": "bin/reformime",
     "Size": 0,
     "TypeFlag": 49,
     "Uid": 0
    },
    {
     "Gid": 0,
     "Linkname": "bin/[",
     "Mode": 493,
     "Path": "bin/remove-shell",
     "Size": 0,
     "TypeFlag": 49,
     "Uid": 0
    },
    {
     "Gid": 0,
     "Linkname": "bin/[",
     "Mode": 493,
     "Path": "bin/renice",
     "Size": 0,
     "TypeFlag": 49,
     "Uid": 0
    },
    {
     "Gid": 0,
     "Linkname": "bin/[",
     "Mode": 493,
     "Path": "bin/reset",
     "Size": 0,
     "TypeFlag": 49,
     "Uid": 0
    },
    {
     "Gid": 0,
     "Linkname": "bin/[",
     "Mode": 493,
     "Path": "bin/resize",
     "Size": 0,
     "TypeFlag": 49,
     "Uid": 0
    },
    {
     "Gid": 0,
     "Linkname": "bin/[",
     "Mode": 493,
     "Path": "bin/resume",
     "Size": 0,
     "TypeFlag": 49,
     "Uid": 0
    },
    {
     "Gid": 0,
     "Linkname": "bin/[",
     "Mode": 493,
     "Path": "bin/rev",
     "Size": 0,
     "TypeFlag": 49,
     "Uid": 0
    },
    {
     "Gid": 0,
     "Linkname": "bin/[",
     "Mode": 493,
     "Path": "bin/rm",
     "Size": 0,
     "TypeFlag": 49,
     "Uid": 0
    },
    {
     "Gid": 0,
     "Linkname": "bin/[",
     "Mode": 493,
     "Path": "bin/rmdir",
     "Size": 0,
     "TypeFlag": 49,
     "Uid": 0
    },
    {
     "Gid": 0,
     "Linkname": "bin/[",
     "Mode": 493,
     "Path": "bin/rmmod",
     "Size": 0,
     "TypeFlag": 49,
     "Uid": 0
    },
    {
     "Gid": 0,
     "Linkname": "bin/[",
     "Mode": 493,
     "Path": "bin/route",
     "Size": 0,
     "TypeFlag": 49,
     "Uid": 0
    },
    {
     "Gid": 0,
     "Linkname": "bin/[",
     "Mode": 493,
     "Path": "bin/rpm",
     "Size": 0,
     "TypeFlag": 49,
     "Uid": 0
    },
    {
     "Gid": 0,
     "Linkname": "bin/[",
     "Mode": 493,
     "Path": "bin/rpm2cpio",
     "Size": 0,
     "TypeFlag": 49,
     "Uid": 0
    },
    {
     "Gid": 0,
     "Linkname": "bin/[",
     "Mode": 493,
     "Path": "bin/rtcwake",
     "Size": 0,
     "TypeFlag": 49,
     "Uid": 0
    },
    {
     "Gid": 0,
     "Linkname": "bin/[",
     "Mode": 493,
     "Path": "bin/run-init",
     "Size": 0,
     "TypeFlag": 49,
     "Uid": 0
    },
    {
     "Gid": 0,
     "Linkname": "bin/[",
     "Mode": 493,
     "Path": "bin/run-parts",
     "Size": 0,
     "TypeFlag": 49,
     "Uid": 0
    },
    {
     "Gid": 0,
     "Linkname": "bin/[",
     "Mode": 493,
     "Path": "bin/runlevel",
     "Size": 0,
     "TypeFlag": 49,
     "Uid": 0
    },
    {
     "Gid": 0,
     "Linkname": "bin/[",
     "Mode": 493,
     "Path": "bin/runsv",
     "Size": 0,
     "TypeFlag": 49,
     "Uid": 0
    },
    {
     "Gid": 0,
     "Linkname": "bin/[",
     "Mode": 493,
     "Path": "bin/runsvdir",
     "Size": 0,
     "TypeFlag": 49,
     "Uid": 0
    },
    {
     "Gid": 0,
     "Linkname": "bin/[",
     "Mode": 493,
     "Path": "bin/rx",
     "Size": 0,
     "TypeFlag": 49,
     "Uid": 0
    },
    {
     "Gid": 0,
     "Linkname": "bin/[",
     "Mode": 493,
     "Path": "bin/script",
     "Size": 0,
     "TypeFlag": 49,
     "Uid": 0
    },
    {
     "Gid": 0,
     "Linkname": "bin/[",
     "Mode": 493,
     "Path": "bin/scriptreplay",
     "Size": 0,
     "TypeFlag": 49,
     "Uid": 0
    },
    {
     "Gid": 0,
     "Linkname": "bin/[",
     "Mode": 493,
     "Path": "bin/sed",
     "Size": 0,
     "TypeFlag": 49,
     "Uid": 0
    },
    {
     "Gid": 0,
     "Linkname": "bin/[",
     "Mode": 493,
     "Path": "bin/sendmail",
     "Size": 0,
     "TypeFlag": 49,
     "Uid": 0
    },
    {
     "Gid": 0,
     "Linkname": "bin/[",
     "Mode": 493,
     "Path": "bin/seq",
     "Size": 0,
     "TypeFlag": 49,
     "Uid": 0
    },
    {
     "Gid": 0,
     "Linkname": "bin/[",
     "Mode": 493,
     "Path": "bin/setarch",
     "Size": 0,
     "TypeFlag": 49,
     "Uid": 0
    },
    {
     "Gid": 0,
     "Linkname": "bin/[",
     "Mode": 493,
     "Path": "bin/setconsole",
     "Size": 0,
     "TypeFlag": 49,
     "Uid": 0
    },
    {
     "Gid": 0,
     "Linkname": "bin/[",
     "Mode": 493,
     "Path": "bin/setfattr",
     "Size": 0,
     "TypeFlag": 49,
     "Uid": 0
    },
    {
     "Gid": 0,
     "Linkname": "bin/[",
     "Mode": 493,
     "Path": "bin/setfont",
     "Size": 0,
     "TypeFlag": 49,
     "Uid": 0
    },
    {
     "Gid": 0,
     "Linkname": "bin/[",
     "Mode": 493,
     "Path": "bin/setkeycodes",
     "Size": 0,
     "TypeFlag": 49,
     "Uid": 0
    },
    {
     "Gid": 0,
     "Linkname": "bin/[",
     "Mode": 493,
     "Path": "bin/setlogcons",
     "Size": 0,
     "TypeFlag": 49,
     "Uid": 0
    },
    {
     "Gid": 0,
     "Linkname": "bin/[",
     "Mode": 493,
     "Path": "bin/setpriv",
     "Size": 0,
     "TypeFlag": 49,
     "Uid": 0
    },
    {
     "Gid": 0,
     "Linkname": "bin/[",
     "Mode": 493,
     "Path": "bin/setserial",
     "Size": 0,
     "TypeFlag": 49,
     "Uid": 0
    },
    {
     "Gid": 0,
     "Linkname": "bin/[",
     "Mode": 493,
     "Path": "bin/setsid",
     "Size": 0,
     "TypeFlag": 49,
     "Uid": 0
    },
    {
     "Gid": 0,
     "Linkname": "bin/[",
     "Mode": 493,
     "Path": "bin/setuidgid",
     "Size": 0,
     "TypeFlag": 49,
     "Uid": 0
    },
    {
     "Gid": 0,
     "Linkname": "bin/[",
     "Mode": 493,
     "Path": "bin/sh",
     "Size": 0,
     "TypeFlag": 49,
     "Uid": 0
    },
    {
     "Gid": 0,
     "Linkname": "bin/[",
     "Mode": 493,
     "Path": "bin/sha1sum",
     "Size": 0,
     "TypeFlag": 49,
     "Uid": 0
    },
    {
     "Gid": 0,
     "Linkname": "bin/[",
     "Mode": 493,
     "Path": "bin/sha256sum",
     "Size": 0,
     "TypeFlag": 49,
     "Uid": 0
    },
    {
     "Gid": 0,
     "Linkname": "bin/[",
     "Mode": 493,
     "Path": "bin/sha3sum",
     "Size": 0,
     "TypeFlag": 49,
     "Uid": 0
    },
    {
     "Gid": 0,
     "Linkname": "bin/[",
     "Mode": 493,
     "Path": "bin/sha512sum",
     "Size": 0,
     "TypeFlag": 49,
     "Uid": 0
    },
    {
     "Gid": 0,
     "Linkname": "bin/[",
     "Mode": 493,
     "Path": "bin/showkey",
     "Size": 0,
     "TypeFlag": 49,
     "Uid": 0
    },
    {
     "Gid": 0,
     "Linkname": "bin/[",
     "Mode": 493,
     "Path": "bin/shred",
     "Size": 0,
     "TypeFlag": 49,
     "Uid": 0
    },
    {
     "Gid": 0,
     "Linkname": "bin/[",
     "Mode": 493,
     "Path": "bin/shuf",
     "Size": 0,
     "TypeFlag": 49,
     "Uid": 0
    },
    {
     "Gid": 0,
     "Linkname": "bin/[",
     "Mode": 493,
     "Path": "bin/slattach",
     "Size": 0,
     "TypeFlag": 49,
     "Uid": 0
    },
    {
     "Gid": 0,
     "Linkname": "bin/[",
     "Mode": 493,
     "Path": "bin/sleep",
     "Size": 0,
     "TypeFlag": 49,
     "Uid": 0
    },
    {
     "Gid": 0,
     "Linkname": "bin/[",
     "Mode": 493,
     "Path": "bin/smemcap",
     "Size": 0,
     "TypeFlag": 49,
     "Uid": 0
    },
    {
     "Gid": 0,
     "Linkname": "bin/[",
     "Mode": 493,
     "Path": "bin/softlimit",
     "Size": 0,
     "TypeFlag": 49,
     "Uid": 0
    },
    {
     "Gid": 0,
     "Linkname": "bin/[",
     "Mode": 493,
     "Path": "bin/sort",
     "Size": 0,
     "TypeFlag": 49,
     "Uid": 0
    },
    {
     "Gid": 0,
     "Linkname": "bin/[",
     "Mode": 493,
     "Path": "bin/split",
     "Size": 0,
     "TypeFlag": 49,
     "Uid": 0
    },
    {
     "Gid": 0,
     "Linkname": "bin/[",
     "Mode": 493,
     "Path": "bin/ssl_client",
     "Size": 0,
     "TypeFlag": 49,
     "Uid": 0
    },
    {
     "Gid": 0,
     "Linkname": "bin/[",
     "Mode": 493,
     "Path": "bin/start-stop-daemon",
     "Size": 0,
     "TypeFlag": 49,
     "Uid": 0
    },
    {
     "Gid": 0,
     "Linkname": "bin/[",
     "Mode": 493,
     "Path": "bin/stat",
     "Size": 0,
     "TypeFlag": 49,
     "Uid": 0
    },
    {
     "Gid": 0,
     "Linkname": "bin/[",
     "Mode": 493,
     "Path": "bin/strings",
     "Size": 0,
     "TypeFlag": 49,
     "Uid": 0
    },
    {
     "Gid": 0,
     "Linkname": "bin/[",
     "Mode": 493,
     "Path": "bin/stty",
     "Size": 0,
     "TypeFlag": 49,
     "Uid": 0
    },
    {
     "Gid": 0,
     "Linkname": "bin/[",
     "Mode": 493,
     "Path": "bin/su",
     "Size": 0,
     "TypeFlag": 49,
     "Uid": 0
    },
    {
     "Gid": 0,
     "Linkname": "bin/[",
     "Mode": 493,
     "Path": "bin/sulogin",
     "Size": 0,
     "TypeFlag": 49,
     "Uid": 0
    },
    {
     "Gid": 0,
     "Linkname": "bin/[",
     "Mode": 493,
     "Path": "bin/sum",
     "Size": 0,
     "TypeFlag": 49,
     "Uid": 0
    },
    {
     "Gid": 0,
     "Linkname": "bin/[",
     "Mode": 493,
     "Path": "bin/sv",
     "Size": 0,
     "TypeFlag": 49,
     "Uid": 0
    },
    {
     "Gid": 0,
     "Linkname": "bin/[",
     "Mode": 493,
     "Path": "bin/svc",
     "Size": 0,
     "TypeFlag": 49,
     "Uid": 0
    },
    {
     "Gid": 0,
     "Linkname": "bin/[",
     "Mode": 493,
     "Path": "bin/svlogd",
     "Size": 0,
     "TypeFlag": 49,
     "Uid": 0
    },
    {
     "Gid": 0,
     "Linkname": "bin/[",
     "Mode": 493,
     "Path": "bin/svok",
     "Size": 0,
     "TypeFlag": 49,
     "Uid": 0
    },
    {
     "Gid": 0,
     "Linkname": "bin/[",
     "Mode": 493,
     "Path": "bin/swapoff",
     "Size": 0,
     "TypeFlag": 49,
     "Uid": 0
    },
    {
     "Gid": 0,
     "Linkname": "bin/[",
     "Mode": 493,
     "Path": "bin/swapon",
     "Size": 0,
     "TypeFlag": 49,
     "Uid": 0
    },
    {
     "Gid": 0,
     "Linkname": "bin/[",
     "Mode": 493,
     "Path": "bin/switch_root",
     "Size": 0,
     "TypeFlag": 49,
     "Uid": 0
    },
    {
     "Gid": 0,
     "Linkname": "bin/[",
     "Mode": 493,
     "Path": "bin/sync",
     "Size": 0,
     "TypeFlag": 49,
     "Uid": 0
    },
    {
     "Gid": 0,
     "Linkname": "bin/[",
     "Mode": 493,
     "Path": "bin/sysctl",
     "Size": 0,
     "TypeFlag": 49,
     "Uid": 0
    },
    {
     "Gid": 0,
     "Linkname": "bin/[",
     "Mode": 493,
     "Path": "bin/syslogd",
     "Size": 0,
     "TypeFlag": 49,
     "Uid": 0
    },
    {
     "Gid": 0,
     "Linkname": "bin/[",
     "Mode": 493,
     "Path": "bin/tac",
     "Size": 0,
     "TypeFlag": 49,
     "Uid": 0
    },
    {
     "Gid": 0,
     "Linkname": "bin/[",
     "Mode": 493,
     "Path": "bin/tail",
     "Size": 0,
     "TypeFlag": 49,
     "Uid": 0
    },
    {
     "Gid": 0,
     "Linkname": "bin/[",
     "Mode": 493,
     "Path": "bin/tar",
     "Size": 0,
     "TypeFlag": 49,
     "Uid": 0
    },
    {
     "Gid": 0,
     "Linkname": "bin/[",
     "Mode": 493,
     "Path": "bin/taskset",
     "Size": 0,
     "TypeFlag": 49,
     "Uid": 0
    },
    {
     "Gid": 0,
     "Linkname": "bin/[",
     "Mode": 493,
     "Path": "bin/tc",
     "Size": 0,
     "TypeFlag": 49,
     "Uid": 0
    },
    {
     "Gid": 0,
     "Linkname": "bin/[",
     "Mode": 493,
     "Path": "bin/tcpsvd",
     "Size": 0,
     "TypeFlag": 49,
     "Uid": 0
    },
    {
     "Gid": 0,
     "Linkname": "bin/[",
     "Mode": 493,
     "Path": "bin/tee",
     "Size": 0,
     "TypeFlag": 49,
     "Uid": 0
    },
    {
     "Gid": 0,
     "Linkname": "bin/[",
     "Mode": 493,
     "Path": "bin/telnet",
     "Size": 0,
     "TypeFlag": 49,
     "Uid": 0
    },
    {
     "Gid": 0,
     "Linkname": "bin/[",
     "Mode": 493,
     "Path": "bin/telnetd",
     "Size": 0,
     "TypeFlag": 49,
     "Uid": 0
    },
    {
     "Gid": 0,
     "Linkname": "bin/[",
     "Mode": 493,
     "Path": "bin/test",
     "Size": 0,
     "TypeFlag": 49,
     "Uid": 0
    },
    {
     "Gid": 0,
     "Linkname": "bin/[",
     "Mode": 493,
     "Path": "bin/tftp",
     "Size": 0,
     "TypeFlag": 49,
     "Uid": 0
    },
    {
     "Gid": 0,
     "Linkname": "bin/[",
     "Mode": 493,
     "Path": "bin/tftpd",
     "Size": 0,
     "TypeFlag": 49,
     "Uid": 0
    },
    {
     "Gid": 0,
     "Linkname": "bin/[",
     "Mode": 493,
     "Path": "bin/time",
     "Size": 0,
     "TypeFlag": 49,
     "Uid": 0
    },
    {
     "Gid": 0,
     "Linkname": "bin/[",
     "Mode": 493,
     "Path": "bin/timeout",
     "Size": 0,
     "TypeFlag": 49,
     "Uid": 0
    },
    {
     "Gid": 0,
     "Linkname": "bin/[",
     "Mode": 493,
     "Path": "bin/top",
     "Size": 0,
     "TypeFlag": 49,
     "Uid": 0
    },
    {
     "Gid": 0,
     "Linkname": "bin/[",
     "Mode": 493,
     "Path": "bin/touch",
     "Size": 0,
     "TypeFlag": 49,
     "Uid": 0
    },
    {
     "Gid": 0,
     "Linkname": "bin/[",
     "Mode": 493,
     "Path": "bin/tr",
     "Size": 0,
     "TypeFlag": 49,
     "Uid": 0
    },
    {
     "Gid": 0,
     "Linkname": "bin/[",
     "Mode": 493,
     "Path": "bin/traceroute",
     "Size": 0,
     "TypeFlag": 49,
     "Uid": 0
    },
    {
     "Gid": 0,
     "Linkname": "bin/[",
     "Mode": 493,
     "Path": "bin/traceroute6",
     "Size": 0,
     "TypeFlag": 49,
     "Uid": 0
    },
    {
     "Gid": 0,
     "Linkname": "bin/[",
     "Mode": 493,
     "Path": "bin/true",
     "Size": 0,
     "TypeFlag": 49,
     "Uid": 0
    },
    {
     "Gid": 0,
     "Linkname": "bin/[",
     "Mode": 493,
     "Path": "bin/truncate",
     "Size": 0,
     "TypeFlag": 49,
     "Uid": 0
    },
    {
     "Gid": 0,
     "Linkname": "bin/[",
     "Mode": 493,
     "Path": "bin/tty",
     "Size": 0,
     "TypeFlag": 49,
     "Uid": 0
    },
    {
     "Gid": 0,
     "Linkname": "bin/[",
     "Mode": 493,
     "Path": "bin/ttysize",
     "Size": 0,
     "TypeFlag": 49,
     "Uid": 0
    },
    {
     "Gid": 0,
     "Linkname": "bin/[",
     "Mode": 493,
     "Path": "bin/tunctl",
     "Size": 0,
     "TypeFlag": 49,
     "Uid": 0
    },
    {
     "Gid": 0,
     "Linkname": "bin/[",
     "Mode": 493,
     "Path": "bin/ubiattach",
     "Size": 0,
     "TypeFlag": 49,
     "Uid": 0
    },
    {
     "Gid": 0,
     "Linkname": "bin/[",
     "Mode": 493,
     "Path": "bin/ubidetach",
     "Size": 0,
     "TypeFlag": 49,
     "Uid": 0
    },
    {
     "Gid": 0,
     "Linkname": "bin/[",
     "Mode": 493,
     "Path": "bin/ubimkvol",
     "Size": 0,
     "TypeFlag": 49,
     "Uid": 0
    },
    {
     "Gid": 0,
     "Linkname": "bin/[",
     "Mode": 493,
     "Path": "bin/ubirename",
     "Size": 0,
     "TypeFlag": 49,
     "Uid": 0
    },
    {
     "Gid": 0,
     "Linkname": "bin/[",
     "Mode": 493,
     "Path": "bin/ubirmvol",
     "Size": 0,
     "TypeFlag": 49,
     "Uid": 0
    },
    {
     "Gid": 0,
     "Linkname": "bin/[",
     "Mode": 493,
     "Path": "bin/ubirsvol",
     "Size": 0,
     "TypeFlag": 49,
     "Uid": 0
    },
    {
     "Gid": 0,
     "Linkname": "bin/[",
     "Mode": 493,
     "Path": "bin/ubiupdatevol",
     "Size": 0,
     "TypeFlag": 49,
     "Uid": 0
    },
    {
     "Gid": 0,
     "Linkname": "bin/[",
     "Mode": 493,
     "Path": "bin/udhcpc",
     "Size": 0,
     "TypeFlag": 49,
     "Uid": 0
    },
    {
     "Gid": 0,
     "Linkname": "bin/[",
     "Mode": 493,
     "Path": "bin/udhcpd",
     "Size": 0,
     "TypeFlag": 49,
     "Uid": 0
    },
    {
     "Gid": 0,
     "Linkname": "bin/[",
     "Mode": 493,
     "Path": "bin/udpsvd",
     "Size": 0,
     "TypeFlag": 49,
     "Uid": 0
    },
    {
     "Gid": 0,
     "Linkname": "bin/[",
     "Mode": 493,
     "Path": "bin/uevent",
     "Size": 0,
     "TypeFlag": 49,
     "Uid": 0
    },
    {
     "Gid": 0,
     "Linkname": "bin/[",
     "Mode": 493,
     "Path": "bin/umount",
     "Size": 0,
     "TypeFlag": 49,
     "Uid": 0
    },
    {
     "Gid": 0,
     "Linkname": "bin/[",
     "Mode": 493,
     "Path": "bin/uname",
     "Size": 0,
     "TypeFlag": 49,
     "Uid": 0
    },
    {
     "Gid": 0,
     "Linkname": "bin/[",
     "Mode": 493,
     "Path": "bin/unexpand",
     "Size": 0,
     "TypeFlag": 49,
     "Uid": 0
    },
    {
     "Gid": 0,
     "Linkname": "bin/[",
     "Mode": 493,
     "Path": "bin/uniq",
     "Size": 0,
     "TypeFlag": 49,
     "Uid": 0
    },
    {
     "Gid": 0,
     "Linkname": "bin/[",
     "Mode": 493,
     "Path": "bin/unix2dos",
     "Size": 0,
     "TypeFlag": 49,
     "Uid": 0
    },
    {
     "Gid": 0,
     "Linkname": "bin/[",
     "Mode": 493,
     "Path": "bin/unlink",
     "Size": 0,
     "TypeFlag": 49,
     "Uid": 0
    },
    {
     "Gid": 0,
     "Linkname": "bin/[",
     "Mode": 493,
     "Path": "bin/unlzma",
     "Size": 0,
     "TypeFlag": 49,
     "Uid": 0
    },
    {
     "Gid": 0,
     "Linkname": "bin/[",
     "Mode": 493,
     "Path": "bin/unshare",
     "Size": 0,
     "TypeFlag": 49,
     "Uid": 0
    },
    {
     "Gid": 0,
     "Linkname": "bin/[",
     "Mode": 493,
     "Path": "bin/unxz",
     "Size": 0,
     "TypeFlag": 49,
     "Uid": 0
    },
    {
     "Gid": 0,
     "Linkname": "bin/[",
     "Mode": 493,
     "Path": "bin/unzip",
     "Size": 0,
     "TypeFlag": 49,
     "Uid": 0
    },
    {
     "Gid": 0,
     "Linkname": "bin/[",
     "Mode": 493,
     "Path": "bin/uptime",
     "Size": 0,
     "TypeFlag": 49,
     "Uid": 0
    },
    {
     "Gid": 0,
     "Linkname": "bin/[",
     "Mode": 493,
     "Path": "bin/users",
     "Size": 0,
     "TypeFlag": 49,
     "Uid": 0
    },
    {
     "Gid": 0,
     "Linkname": "bin/[",
     "Mode": 493,
     "Path": "bin/usleep",
     "Size": 0,
     "TypeFlag": 49,
     "Uid": 0
    },
    {
     "Gid": 0,
     "Linkname": "bin/[",
     "Mode": 493,
     "Path": "bin/uudecode",
     "Size": 0,
     "TypeFlag": 49,
     "Uid": 0
    },
    {
     "Gid": 0,
     "Linkname": "bin/[",
     "Mode": 493,
     "Path": "bin/uuencode",
     "Size": 0,
     "TypeFlag": 49,
     "Uid": 0
    },
    {
     "Gid": 0,
     "Linkname": "bin/[",
     "Mode": 493,
     "Path": "bin/vconfig",
     "Size": 0,
     "TypeFlag": 49,
     "Uid": 0
    },
    {
     "Gid": 0,
     "Linkname": "bin/[",
     "Mode": 493,
     "Path": "bin/vi",
     "Size": 0,
     "TypeFlag": 49,
     "Uid": 0
    },
    {
     "Gid": 0,
     "Linkname": "bin/[",
     "Mode": 493,
     "Path": "bin/vlock",
     "Size": 0,
     "TypeFlag": 49,
     "Uid": 0
    },
    {
     "Gid": 0,
     "Linkname": "bin/[",
     "Mode": 493,
     "Path": "bin/volname",
     "Size": 0,
     "TypeFlag": 49,
     "Uid": 0
    },
    {
     "Gid": 0,
     "Linkname": "bin/[",
     "Mode": 493,
     "Path": "bin/w",
     "Size": 0,
     "TypeFlag": 49,
     "Uid": 0
    },
    {
     "Gid": 0,
     "Linkname": "bin/[",
     "Mode": 493,
     "Path": "bin/wall",
     "Size": 0,
     "TypeFlag": 49,
     "Uid": 0
    },
    {
     "Gid": 0,
     "Linkname": "bin/[",
     "Mode": 493,
     "Path": "bin/watch",
     "Size": 0,
     "TypeFlag": 49,
     "Uid": 0
    },
    {
     "Gid": 0,
     "Linkname": "bin/[",
     "Mode": 493,
     "Path": "bin/watchdog",
     "Size": 0,
     "TypeFlag": 49,
     "Uid": 0
    },
    {
     "Gid": 0,
     "Linkname": "bin/[",
     "Mode": 493,
     "Path": "bin/wc",
     "Size": 0,
     "TypeFlag": 49,
     "Uid": 0
    },
    {
     "Gid": 0,
     "Linkname": "bin/[",
     "Mode": 493,
     "Path": "bin/wget",
     "Size": 0,
     "TypeFlag": 49,
     "Uid": 0
    },
    {
     "Gid": 0,
     "Linkname": "bin/[",
     "Mode": 493,
     "Path": "bin/which",
     "Size": 0,
     "TypeFlag": 49,
     "Uid": 0
    },
    {
     "Gid": 0,
     "Linkname": "bin/[",
     "Mode": 493,
     "Path": "bin/who",
     "Size": 0,
     "TypeFlag": 49,
     "Uid": 0
    },
    {
     "Gid": 0,
     "Linkname": "bin/[",
     "Mode": 493,
     "Path": "bin/whoami",
     "Size": 0,
     "TypeFlag": 49,
     "Uid": 0
    },
    {
     "Gid": 0,
     "Linkname": "bin/[",
     "Mode": 493,
     "Path": "bin/whois",
     "Size": 0,
     "TypeFlag": 49,
     "Uid": 0
    },
    {
     "Gid": 0,
     "Linkname": "bin/[",
     "Mode": 493,
     "Path": "bin/xargs",
     "Size": 0,
     "TypeFlag": 49,
     "Uid": 0
    },
    {
     "Gid": 0,
     "Linkname": "bin/[",
     "Mode": 493,
     "Path": "bin/xxd",
     "Size": 0,
     "TypeFlag": 49,
     "Uid": 0
    },
    {
     "Gid": 0,
     "Linkname": "bin/[",
     "Mode": 493,
     "Path": "bin/xz",
     "Size": 0,
     "TypeFlag": 49,
     "Uid": 0
    },
    {
     "Gid": 0,
     "Linkname": "bin/[",
     "Mode": 493,
     "Path": "bin/xzcat",
     "Size": 0,
     "TypeFlag": 49,
     "Uid": 0
    },
    {
     "Gid": 0,
     "Linkname": "bin/[",
     "Mode": 493,
     "Path": "bin/yes",
     "Size": 0,
     "TypeFlag": 49,
     "Uid": 0
    },
    {
     "Gid": 0,
     "Linkname": "bin/[",
     "Mode": 493,
     "Path": "bin/zcat",
     "Size": 0,
     "TypeFlag": 49,
     "Uid": 0
    },
    {
     "Gid": 0,
     "Linkname": "bin/[",
     "Mode": 493,
     "Path": "bin/zcip",
     "Size": 0,
     "TypeFlag": 49,
     "Uid": 0
    },
    {
     "Gid": 0,
     "Linkname": "",
     "Mode": 2147484141,
     "Path": "bin/",
     "Size": 0,
     "TypeFlag": 53,
     "Uid": 0
    },
    {
     "Gid": 0,
     "Linkname": "",
     "Mode": 2147484141,
     "Path": "dev/",
     "Size": 0,
     "TypeFlag": 53,
     "Uid": 0
    },
    {
     "Gid": 0,
     "Linkname": "",
     "Mode": 436,
     "Path": "etc/group",
     "Size": 307,
     "TypeFlag": 48,
     "Uid": 0
    },
    {
     "Gid": 0,
     "Linkname": "",
     "Mode": 420,
     "Path": "etc/localtime",
     "Size": 127,
     "TypeFlag": 48,
     "Uid": 0
    },
    {
     "Gid": 0,
     "Linkname": "",
     "Mode": 2147484141,
     "Path": "etc/network/if-down.d/",
     "Size": 0,
     "TypeFlag": 53,
     "Uid": 0
    },
    {
     "Gid": 0,
     "Linkname": "",
     "Mode": 2147484141,
     "Path": "etc/network/if-post-down.d/",
     "Size": 0,
     "TypeFlag": 53,
     "Uid": 0
    },
    {
     "Gid": 0,
     "Linkname": "",
     "Mode": 2147484141,
     "Path": "etc/network/if-pre-up.d/",
     "Size": 0,
     "TypeFlag": 53,
     "Uid": 0
    },
    {
     "Gid": 0,
     "Linkname": "",
     "Mode": 2147484141,
     "Path": "etc/network/if-up.d/",
     "Size": 0,
     "TypeFlag": 53,
     "Uid": 0
    },
    {
     "Gid": 0,
     "Linkname": "",
     "Mode": 2147484141,
     "Path": "etc/network/",
     "Size": 0,
     "TypeFlag": 53,
     "Uid": 0
    },
    {
     "Gid": 0,
     "Linkname": "",
     "Mode": 420,
     "Path": "etc/passwd",
     "Size": 340,
     "TypeFlag": 48,
     "Uid": 0
    },
    {
     "Gid": 0,
     "Linkname": "",
     "Mode": 384,
     "Path": "etc/shadow",
     "Size": 243,
     "TypeFlag": 48,
     "Uid": 0
    },
    {
     "Gid": 0,
     "Linkname": "",
     "Mode": 2147484141,
     "Path": "etc/",
     "Size": 0,
     "TypeFlag": 53,
     "Uid": 0
    },
    {
     "Gid": 65534,
     "Linkname": "",
     "Mode": 2147484141,
     "Path": "home/",
     "Size": 0,
     "TypeFlag": 53,
     "Uid": 65534
    },
    {
     "Gid": 0,
     "Linkname": "",
     "Mode": 2147484096,
     "Path": "root/",
     "Size": 0,
     "TypeFlag": 53,
     "Uid": 0
    },
    {
     "Gid": 0,
     "Linkname": "",
     "Mode": 2148532735,
     "Path": "tmp/",
     "Size": 0,
     "TypeFlag": 53,
     "Uid": 0
    },
    {
     "Gid": 1,
     "Linkname": "",
     "Mode": 2147484141,
     "Path": "usr/sbin/",
     "Size": 0,
     "TypeFlag": 53,
     "Uid": 1
    },
    {
     "Gid": 0,
     "Linkname": "",
     "Mode": 2147484141,
     "Path": "usr/",
     "Size": 0,
     "TypeFlag": 53,
     "Uid": 0
    },
    {
     "Gid": 8,
     "Linkname": "",
     "Mode": 2147484141,
     "Path": "var/spool/mail/",
     "Size": 0,
     "TypeFlag": 53,
     "Uid": 8
    },
    {
     "Gid": 0,
     "Linkname": "",
     "Mode": 2147484141,
     "Path": "var/spool/",
     "Size": 0,
     "TypeFlag": 53,
     "Uid": 0
    },
    {
     "Gid": 0,
     "Linkname": "",
     "Mode": 2147484141,
     "Path": "var/www/",
     "Size": 0,
     "TypeFlag": 53,
     "Uid": 0
    },
    {
     "Gid": 0,
     "Linkname": "",
     "Mode": 2147484141,
     "Path": "var/",
     "Size": 0,
     "TypeFlag": 53,
     "Uid": 0
    }
   ],
   "id": "28cfe03618aa2e914e81fdd90345245c15f4478e35252c06ca52d238fd3cc694",
   "index": 0,
   "sizeBytes": 1154361
  },
  {
   "command": "#(nop) ADD file:139c3708fb6261126453e34483abd8bf7b26ed16d952fd976994d68e72d93be2 in /somefile.txt ",
   "digestId": "sha256:a65b7d7ac139a0e4337bc3c73ce511f937d6140ef61a0108f7d4b8aab8d67274",
   "fileList": [
    {
     "Gid": 0,
     "Linkname": "",
     "Mode": 436,
     "Path": "somefile.txt",
     "Size": 6405,
     "TypeFlag": 48,
     "Uid": 0
    }
   ],
   "id": "1871059774abe6914075e4a919b778fa1561f577d620ae52438a9635e6241936",
   "index": 1,
   "sizeBytes": 6405
  },
  {
   "command": "mkdir -p /root/example/really/nested",
   "digestId": "sha256:93e208d471756ffbac88cf9c25feb442007f221d3bd73231e27b747a0a68927c",
   "fileList": [
    {
     "Gid": 0,
     "Linkname": "",
     "Mode": 2147484141,
     "Path": "root/example/really/nested/",
     "Size": 0,
     "TypeFlag": 53,
     "Uid": 0
    },
    {
     "Gid": 0,
     "Linkname": "",
     "Mode": 2147484141,
     "Path": "root/example/really/",
     "Size": 0,
     "TypeFlag": 53,
     "Uid": 0
    },
    {
     "Gid": 0,
     "Linkname": "",
     "Mode": 2147484141,
     "Path": "root/example/",
     "Size": 0,
     "TypeFlag": 53,
     "Uid": 0
    },
    {
     "Gid": 0,
     "Linkname": "",
     "Mode": 2147484096,
     "Path": "root/",
     "Size": 0,
     "TypeFlag": 53,
     "Uid": 0
    }
   ],
   "id": "49fe2a475548bfa4d493fc796fce41f30704e3d4cbff3e45dd3e06f463236d1d",
   "index": 2,
   "sizeBytes": 0
  },
  {
   "command": "cp /somefile.txt /root/example/somefile1.txt",
   "digestId": "sha256:4abad3abe3cb99ad7a492a9d9f6b3d66287c1646843c74128bbbec4f7be5aa9e",
   "fileList": [
    {
     "Gid": 0,
     "Linkname": "",
     "Mode": 420,
     "Path": "root/example/somefile1.txt",
     "Size": 6405,
     "TypeFlag": 48,
     "Uid": 0
    },
    {
     "Gid": 0,
     "Linkname": "",
     "Mode": 2147484141,
     "Path": "root/example/",
     "Size": 0,
     "TypeFlag": 53,
     "Uid": 0
    },
    {
     "Gid": 0,
     "Linkname": "",
     "Mode": 2147484096,
     "Path": "root/",
     "Size": 0,
     "TypeFlag": 53,
     "Uid": 0
    }
   ],
   "id": "80cd2ca1ffc89962b9349c80280c2bc551acbd11e09b16badb0669f8e2369020",
   "index": 3,
   "sizeBytes": 6405
  },
  {
   "command": "chmod 444 /root/example/somefile1.txt",
   "digestId": "sha256:14c9a6ffcb6a0f32d1035f97373b19608e2d307961d8be156321c3f1c1504cbf",
   "fileList": [
    {
     "Gid": 0,
     "Linkname": "",
     "Mode": 292,
     "Path": "root/example/somefile1.txt",
     "Size": 6405,
     "TypeFlag": 48,
     "Uid": 0
    },
    {
     "Gid": 0,
     "Linkname": "",
     "Mode": 2147484141,
     "Path": "root/example/",
     "Size": 0,
     "TypeFlag": 53,
     "Uid": 0
    },
    {
     "Gid": 0,
     "Linkname": "",
     "Mode": 2147484096,
     "Path": "root/",
     "Size": 0,
     "TypeFlag": 53,
     "Uid": 0
    }
   ],
   "id": "c99e2f8d3f6282668f0d30dc1db5e67a51d7a1dcd7ff6ddfa0f90760836778ec",
   "index": 4,
   "sizeBytes": 6405
  },
  {
   "command": "cp /somefile.txt /root/example/somefile2.txt",
   "digestId": "sha256:778fb5770ef466f314e79cc9dc418eba76bfc0a64491ce7b167b76aa52c736c4",
   "fileList": [
    {
     "Gid": 0,
     "Linkname": "",
     "Mode": 420,
     "Path": "root/example/somefile2.txt",
     "Size": 6405,
     "TypeFlag": 48,
     "Uid": 0
    },
    {
     "Gid": 0,
     "Linkname": "",
     "Mode": 2147484141,
     "Path": "root/example/",
     "Size": 0,
     "TypeFlag": 53,
     "Uid": 0
    },
    {
     "Gid": 0,
     "Linkname": "",
     "Mode": 2147484096,
     "Path": "root/",
     "Size": 0,
     "TypeFlag": 53,
     "Uid": 0
    }
   ],
   "id": "5eca617bdc3bc06134fe957a30da4c57adb7c340a6d749c8edc4c15861c928d7",
   "index": 5,
   "sizeBytes": 6405
  },
  {
   "command": "cp /somefile.txt /root/example/somefile3.txt",
   "digestId": "sha256:f275b8a31a71deb521cc048e6021e2ff6fa52bedb25c9b7bbe129a0195ddca5f",
   "fileList": [
    {
     "Gid": 0,
     "Linkname": "",
     "Mode": 420,
     "Path": "root/example/somefile3.txt",
     "Size": 6405,
     "TypeFlag": 48,
     "Uid": 0
    },
    {
     "Gid": 0,
     "Linkname": "",
     "Mode": 2147484141,
     "Path": "root/example/",
     "Size": 0,
     "TypeFlag": 53,
     "Uid": 0
    },
    {
     "Gid": 0,
     "Linkname": "",
     "Mode": 2147484096,
     "Path": "root/",
     "Size": 0,
     "TypeFlag": 53,
     "Uid": 0
    }
   ],
   "id": "f07c3eb887572395408f8e11a07af945e4da5f02b3188bb06b93fad713ca0b99",
   "index": 6,
   "sizeBytes": 6405
  },
  {
   "command": "mv /root/example/somefile3.txt /root/saved.txt",
   "digestId": "sha256:dd1effc5eb19894c3e9b57411c98dd1cf30fa1de4253c7fae53c9cea67267d83",
   "fileList": [
    {
     "Gid": 0,
     "Linkname": "",
     "Mode": 0,
     "Path": "root/example/.wh.somefile3.txt",
     "Size": 0,
     "TypeFlag": 48,
     "Uid": 0
    },
    {
     "Gid": 0,
     "Linkname": "",
     "Mode": 2147484141,
     "Path": "root/example/",
     "Size": 0,
     "TypeFlag": 53,
     "Uid": 0
    },
    {
     "Gid": 0,
     "Linkname": "",
     "Mode": 420,
     "Path": "root/saved.txt",
     "Size": 6405,
     "TypeFlag": 48,
     "Uid": 0
    },
    {
     "Gid": 0,
     "Linkname": "",
     "Mode": 2147484096,
     "Path": "root/",
     "Size": 0,
     "TypeFlag": 53,
     "Uid": 0
    }
   ],
   "id": "461885fc22589158dee3c5b9f01cc41c87805439f58b4399d733b51aa305cbf9",
   "index": 7,
   "sizeBytes": 6405
  },
  {
   "command": "cp /root/saved.txt /root/.saved.txt",
   "digestId": "sha256:8d1869a0a066cdd12e48d648222866e77b5e2814f773bb3bd8774ab4052f0f1d",
   "fileList": [
    {
     "Gid": 0,
     "Linkname": "",
     "Mode": 420,
     "Path": "root/.saved.txt",
     "Size": 6405,
     "TypeFlag": 48,
     "Uid": 0
    },
    {
     "Gid": 0,
     "Linkname": "",
     "Mode": 2147484096,
     "Path": "root/",
     "Size": 0,
     "TypeFlag": 53,
     "Uid": 0
    }
   ],
   "id": "a10327f68ffed4afcba78919052809a8f774978a6b87fc117d39c53c4842f72c",
   "index": 8,
   "sizeBytes": 6405
  },
  {
   "command": "rm -rf /root/example/",
   "digestId": "sha256:bc2e36423fa31a97223fd421f22c35466220fa160769abf697b8eb58c896b468",
   "fileList": [
    {
     "Gid": 0,
     "Linkname": "",
     "Mode": 0,
     "Path": "root/.wh.example",
     "Size": 0,
     "TypeFlag": 48,
     "Uid": 0
    },
    {
     "Gid": 0,
     "Linkname": "",
     "Mode": 2147484096,
     "Path": "root/",
     "Size": 0,
     "TypeFlag": 53,
     "Uid": 0
    }
   ],
   "id": "f2fc54e25cb7966dc9732ec671a77a1c5c104e732bd15ad44a2dc1ac42368f84",
   "index": 9,
   "sizeBytes": 0
  },
  {
   "command": "#(nop) ADD dir:7ec14b81316baa1a31c38c97686a8f030c98cba2035c968412749e33e0c4427e in /root/.data/ ",
   "digestId": "sha256:7f648d45ee7b6de2292162fba498b66cbaaf181da9004fcceef824c72dbae445",
   "fileList": [
    {
     "Gid": 0,
     "Linkname": "",
     "Mode": 509,
     "Path": "root/.data/tag.sh",
     "Size": 917,
     "TypeFlag": 48,
     "Uid": 0
    },
    {
     "Gid": 0,
     "Linkname": "",
     "Mode": 493,
     "Path": "root/.data/test.sh",
     "Size": 1270,
     "TypeFlag": 48,
     "Uid": 0
    },
    {
     "Gid": 0,
     "Linkname": "",
     "Mode": 2147484141,
     "Path": "root/.data/",
     "Size": 0,
     "TypeFlag": 53,
     "Uid": 0
    },
    {
     "Gid": 0,
     "Linkname": "",
     "Mode": 2147484096,
     "Path": "root/",
     "Size": 0,
     "TypeFlag": 53,
     "Uid": 0
    }
   ],
   "id": "aad36d0b05e71c7e6d4dfe0ca9ed6be89e2e0d8995dafe83438299a314e91071",
   "index": 10,
   "sizeBytes": 2187
  },
  {
   "command": "cp /root/saved.txt /tmp/saved.again1.txt",
   "digestId": "sha256:a4b8f95f266d5c063c9a9473c45f2f85ddc183e37941b5e6b6b9d3c00e8e0457",
   "fileList": [
    {
     "Gid": 0,
     "Linkname": "",
     "Mode": 420,
     "Path": "tmp/saved.again1.txt",
     "Size": 6405,
     "TypeFlag": 48,
     "Uid": 0
    },
    {
     "Gid": 0,
     "Linkname": "",
     "Mode": 2148532735,
     "Path": "tmp/",
     "Size": 0,
     "TypeFlag": 53,
     "Uid": 0
    }
   ],
   "id": "3d4ad907517a021d86a4102d2764ad2161e4818bbd144e41d019bfc955434181",
   "index": 11,
   "sizeBytes": 6405
  },
  {
   "command": "cp /root/saved.txt /root/.data/saved.again2.txt",
   "digestId": "sha256:22a44d45780a541e593a8862d80f3e14cb80b6bf76aa42ce68dc207a35bf3a4a",
   "fileList": [
    {
     "Gid": 0,
     "Linkname": "",
     "Mode": 420,
     "Path": "root/.data/saved.again2.txt",
     "Size": 6405,
     "TypeFlag": 48,
     "Uid": 0
    },
    {
     "Gid": 0,
     "Linkname": "",
     "Mode": 2147484141,
     "Path": "root/.data/",
     "Size": 0,
     "TypeFlag": 53,
     "Uid": 0
    },
    {
     "Gid": 0,
     "Linkname": "",
     "Mode": 2147484096,
     "Path": "root/",
     "Size": 0,
     "TypeFlag": 53,
     "Uid": 0
    }
   ],
   "id": "81b1b002d4b4c1325a9cad9990b5277e7f29f79e0f24582344c0891178f95905",
   "index": 12,
   "sizeBytes": 6405
  },
  {
   "command": "chmod +x /root/saved.txt",
   "digestId": "sha256:ba689cac6a98c92d121fa5c9716a1bab526b8bb1fd6d43625c575b79e97300c5",
   "fileList": [
    {
     "Gid": 0,
     "Linkname": "",
     "Mode": 493,
     "Path": "root/saved.txt",
     "Size": 6405,
     "TypeFlag": 48,
     "Uid": 0
    },
    {
     "Gid": 0,
     "Linkname": "",
     "Mode": 2147484096,
     "Path": "root/",
     "Size": 0,
     "TypeFlag": 53,
     "Uid": 0
    }
   ],
   "id": "cfb35bb5c127d848739be5ca726057e6e2c77b2849f588e7aebb642c0d3d4b7b",
   "index": 13,
   "sizeBytes": 6405
  }
 ]
}
---
